../Drivers/STM32WLxx_HAL_Driver/Inc/stm32wlxx_ll_rcc.h:1257:22:LL_RCC_LSE_SetDriveCapability	16	static
../Core/Src/main.c:31:5:_write	24	static
../Core/Src/main.c:101:5:main	8	static
../Core/Src/main.c:141:6:SystemClock_Config	112	static
../Core/Src/main.c:182:6:Start_DMA_Reception_With_Interrupts	16	static
../Core/Src/main.c:197:6:HAL_UARTEx_RxEventCallback	24	static
../Core/Src/main.c:215:6:ProcessByte	32	static
../Core/Src/main.c:262:6:TransmitTelemetry	56	static
../Core/Src/main.c:294:6:Radio_Init	40	static
../Core/Src/main.c:320:6:RadioOnDioIrq	16	static
../Core/Src/main.c:348:9:calculate_checksum	24	static
../Core/Src/main.c:362:6:Error_Handler	4	static,ignoring_inline_asm
