../Drivers/STM32WLxx_HAL_Driver/Inc/stm32wlxx_ll_rcc.h:1257:22:LL_RCC_LSE_SetDriveCapability	1
../Core/Src/main.c:31:5:_write	1
../Core/Src/main.c:87:5:main	1
../Core/Src/main.c:127:6:SystemClock_Config	3
../Core/Src/main.c:168:6:Start_DMA_Reception_With_Interrupts	2
../Core/Src/main.c:183:6:HAL_UARTEx_RxEventCallback	5
../Core/Src/main.c:214:6:ProcessByte	9
../Core/Src/main.c:262:6:TransmitTelemetry	3
../Core/Src/main.c:294:6:Radio_Init	1
../Core/Src/main.c:320:6:RadioOnDioIrq	3
../Core/Src/main.c:350:6:Reset_UART_And_Parser_State	1
../Core/Src/main.c:373:9:calculate_checksum	2
../Core/Src/main.c:387:6:Error_Handler	1
