Archive member included to satisfy reference by file (symbol)

/opt/st/stm32cubeide_1.19.0/plugins/com.st.stm32cube.ide.mcu.externaltools.gnu-tools-for-stm32.13.3.rel1.linux64_1.0.0.202410170706/tools/bin/../lib/gcc/arm-none-eabi/13.3.1/../../../../arm-none-eabi/lib/thumb/v7e-m/nofp/libc_nano.a(libc_a-exit.o)
                              /opt/st/stm32cubeide_1.19.0/plugins/com.st.stm32cube.ide.mcu.externaltools.gnu-tools-for-stm32.13.3.rel1.linux64_1.0.0.202410170706/tools/bin/../lib/gcc/arm-none-eabi/13.3.1/../../../../arm-none-eabi/lib/thumb/v7e-m/nofp/crt0.o (exit)
/opt/st/stm32cubeide_1.19.0/plugins/com.st.stm32cube.ide.mcu.externaltools.gnu-tools-for-stm32.13.3.rel1.linux64_1.0.0.202410170706/tools/bin/../lib/gcc/arm-none-eabi/13.3.1/../../../../arm-none-eabi/lib/thumb/v7e-m/nofp/libc_nano.a(libc_a-nano-vfprintf_float.o)
                              (_printf_float)
/opt/st/stm32cubeide_1.19.0/plugins/com.st.stm32cube.ide.mcu.externaltools.gnu-tools-for-stm32.13.3.rel1.linux64_1.0.0.202410170706/tools/bin/../lib/gcc/arm-none-eabi/13.3.1/../../../../arm-none-eabi/lib/thumb/v7e-m/nofp/libc_nano.a(libc_a-nano-vfprintf_i.o)
                              /opt/st/stm32cubeide_1.19.0/plugins/com.st.stm32cube.ide.mcu.externaltools.gnu-tools-for-stm32.13.3.rel1.linux64_1.0.0.202410170706/tools/bin/../lib/gcc/arm-none-eabi/13.3.1/../../../../arm-none-eabi/lib/thumb/v7e-m/nofp/libc_nano.a(libc_a-nano-vfprintf_float.o) (_printf_common)
/opt/st/stm32cubeide_1.19.0/plugins/com.st.stm32cube.ide.mcu.externaltools.gnu-tools-for-stm32.13.3.rel1.linux64_1.0.0.202410170706/tools/bin/../lib/gcc/arm-none-eabi/13.3.1/../../../../arm-none-eabi/lib/thumb/v7e-m/nofp/libc_nano.a(libc_a-nano-vfscanf_float.o)
                              (_scanf_float)
/opt/st/stm32cubeide_1.19.0/plugins/com.st.stm32cube.ide.mcu.externaltools.gnu-tools-for-stm32.13.3.rel1.linux64_1.0.0.202410170706/tools/bin/../lib/gcc/arm-none-eabi/13.3.1/../../../../arm-none-eabi/lib/thumb/v7e-m/nofp/libc_nano.a(libc_a-findfp.o)
                              /opt/st/stm32cubeide_1.19.0/plugins/com.st.stm32cube.ide.mcu.externaltools.gnu-tools-for-stm32.13.3.rel1.linux64_1.0.0.202410170706/tools/bin/../lib/gcc/arm-none-eabi/13.3.1/../../../../arm-none-eabi/lib/thumb/v7e-m/nofp/libc_nano.a(libc_a-exit.o) (__stdio_exit_handler)
/opt/st/stm32cubeide_1.19.0/plugins/com.st.stm32cube.ide.mcu.externaltools.gnu-tools-for-stm32.13.3.rel1.linux64_1.0.0.202410170706/tools/bin/../lib/gcc/arm-none-eabi/13.3.1/../../../../arm-none-eabi/lib/thumb/v7e-m/nofp/libc_nano.a(libc_a-fwalk.o)
                              /opt/st/stm32cubeide_1.19.0/plugins/com.st.stm32cube.ide.mcu.externaltools.gnu-tools-for-stm32.13.3.rel1.linux64_1.0.0.202410170706/tools/bin/../lib/gcc/arm-none-eabi/13.3.1/../../../../arm-none-eabi/lib/thumb/v7e-m/nofp/libc_nano.a(libc_a-findfp.o) (_fwalk_sglue)
/opt/st/stm32cubeide_1.19.0/plugins/com.st.stm32cube.ide.mcu.externaltools.gnu-tools-for-stm32.13.3.rel1.linux64_1.0.0.202410170706/tools/bin/../lib/gcc/arm-none-eabi/13.3.1/../../../../arm-none-eabi/lib/thumb/v7e-m/nofp/libc_nano.a(libc_a-printf.o)
                              ./Core/Src/main.o (printf)
/opt/st/stm32cubeide_1.19.0/plugins/com.st.stm32cube.ide.mcu.externaltools.gnu-tools-for-stm32.13.3.rel1.linux64_1.0.0.202410170706/tools/bin/../lib/gcc/arm-none-eabi/13.3.1/../../../../arm-none-eabi/lib/thumb/v7e-m/nofp/libc_nano.a(libc_a-puts.o)
                              ./Core/Src/main.o (puts)
/opt/st/stm32cubeide_1.19.0/plugins/com.st.stm32cube.ide.mcu.externaltools.gnu-tools-for-stm32.13.3.rel1.linux64_1.0.0.202410170706/tools/bin/../lib/gcc/arm-none-eabi/13.3.1/../../../../arm-none-eabi/lib/thumb/v7e-m/nofp/libc_nano.a(libc_a-sprintf.o)
                              /opt/st/stm32cubeide_1.19.0/plugins/com.st.stm32cube.ide.mcu.externaltools.gnu-tools-for-stm32.13.3.rel1.linux64_1.0.0.202410170706/tools/bin/../lib/gcc/arm-none-eabi/13.3.1/../../../../arm-none-eabi/lib/thumb/v7e-m/nofp/libc_nano.a(libc_a-nano-vfscanf_float.o) (sprintf)
/opt/st/stm32cubeide_1.19.0/plugins/com.st.stm32cube.ide.mcu.externaltools.gnu-tools-for-stm32.13.3.rel1.linux64_1.0.0.202410170706/tools/bin/../lib/gcc/arm-none-eabi/13.3.1/../../../../arm-none-eabi/lib/thumb/v7e-m/nofp/libc_nano.a(libc_a-stdio.o)
                              /opt/st/stm32cubeide_1.19.0/plugins/com.st.stm32cube.ide.mcu.externaltools.gnu-tools-for-stm32.13.3.rel1.linux64_1.0.0.202410170706/tools/bin/../lib/gcc/arm-none-eabi/13.3.1/../../../../arm-none-eabi/lib/thumb/v7e-m/nofp/libc_nano.a(libc_a-findfp.o) (__sread)
/opt/st/stm32cubeide_1.19.0/plugins/com.st.stm32cube.ide.mcu.externaltools.gnu-tools-for-stm32.13.3.rel1.linux64_1.0.0.202410170706/tools/bin/../lib/gcc/arm-none-eabi/13.3.1/../../../../arm-none-eabi/lib/thumb/v7e-m/nofp/libc_nano.a(libc_a-wbuf.o)
[...]
Memory Configuration

Name             Origin             Length             Attributes
RAM              0x20000000         0x00010000         xrw
RAM2             0x10000000         0x00008000         xrw
FLASH            0x08000000         0x00040000         xr
*default*        0x00000000         0xffffffff

Linker script and memory map

LOAD /opt/st/stm32cubeide_1.19.0/plugins/com.st.stm32cube.ide.mcu.externaltools.gnu-tools-for-stm32.13.3.rel1.linux64_1.0.0.202410170706/tools/bin/../lib/gcc/arm-none-eabi/13.3.1/thumb/v7e-m/nofp/crti.o
LOAD /opt/st/stm32cubeide_1.19.0/plugins/com.st.stm32cube.ide.mcu.externaltools.gnu-tools-for-stm32.13.3.rel1.linux64_1.0.0.202410170706/tools/bin/../lib/gcc/arm-none-eabi/13.3.1/thumb/v7e-m/nofp/crtbegin.o
LOAD /opt/st/stm32cubeide_1.19.0/plugins/com.st.stm32cube.ide.mcu.externaltools.gnu-tools-for-stm32.13.3.rel1.linux64_1.0.0.202410170706/tools/bin/../lib/gcc/arm-none-eabi/13.3.1/../../../../arm-none-eabi/lib/thumb/v7e-m/nofp/crt0.o
LOAD ./Core/Src/dma.o
LOAD ./Core/Src/gpio.o
LOAD ./Core/Src/main.o
LOAD ./Core/Src/stm32wlxx_hal_msp.o
LOAD ./Core/Src/stm32wlxx_it.o
LOAD ./Core/Src/subghz.o
LOAD ./Core/Src/syscalls.o
LOAD ./Core/Src/sysmem.o
LOAD ./Core/Src/system_stm32wlxx.o
LOAD ./Core/Src/usart.o
LOAD ./Core/Startup/startup_stm32wl55jcix.o
LOAD ./Drivers/BSP/STM32WLxx_Nucleo/stm32wlxx_nucleo.o
LOAD ./Drivers/BSP/STM32WLxx_Nucleo/stm32wlxx_nucleo_radio.o
LOAD ./Drivers/STM32WLxx_HAL_Driver/Src/stm32wlxx_hal.o
LOAD ./Drivers/STM32WLxx_HAL_Driver/Src/stm32wlxx_hal_cortex.o
LOAD ./Drivers/STM32WLxx_HAL_Driver/Src/stm32wlxx_hal_dma.o
LOAD ./Drivers/STM32WLxx_HAL_Driver/Src/stm32wlxx_hal_dma_ex.o
LOAD ./Drivers/STM32WLxx_HAL_Driver/Src/stm32wlxx_hal_exti.o
LOAD ./Drivers/STM32WLxx_HAL_Driver/Src/stm32wlxx_hal_flash.o
LOAD ./Drivers/STM32WLxx_HAL_Driver/Src/stm32wlxx_hal_flash_ex.o
LOAD ./Drivers/STM32WLxx_HAL_Driver/Src/stm32wlxx_hal_gpio.o
LOAD ./Drivers/STM32WLxx_HAL_Driver/Src/stm32wlxx_hal_pwr.o
LOAD ./Drivers/STM32WLxx_HAL_Driver/Src/stm32wlxx_hal_pwr_ex.o
LOAD ./Drivers/STM32WLxx_HAL_Driver/Src/stm32wlxx_hal_rcc.o
LOAD ./Drivers/STM32WLxx_HAL_Driver/Src/stm32wlxx_hal_rcc_ex.o
LOAD ./Drivers/STM32WLxx_HAL_Driver/Src/stm32wlxx_hal_subghz.o
LOAD ./Drivers/STM32WLxx_HAL_Driver/Src/stm32wlxx_hal_uart.o
LOAD ./Drivers/STM32WLxx_HAL_Driver/Src/stm32wlxx_hal_uart_ex.o
LOAD ./Radio/radio_board_if.o
LOAD ./Radio/radio_driver.o
LOAD ./Utils/misc/stm32_mem.o
START GROUP
LOAD /opt/st/stm32cubeide_1.19.0/plugins/com.st.stm32cube.ide.mcu.externaltools.gnu-tools-for-stm32.13.3.rel1.linux64_1.0.0.202410170706/tools/bin/../lib/gcc/arm-none-eabi/13.3.1/../../../../arm-none-eabi/lib/thumb/v7e-m/nofp/libc_nano.a
LOAD /opt/st/stm32cubeide_1.19.0/plugins/com.st.stm32cube.ide.mcu.externaltools.gnu-tools-for-stm32.13.3.rel1.linux64_1.0.0.202410170706/tools/bin/../lib/gcc/arm-none-eabi/13.3.1/../../../../arm-none-eabi/lib/thumb/v7e-m/nofp/libm.a
END GROUP
START GROUP
LOAD /opt/st/stm32cubeide_1.19.0/plugins/com.st.stm32cube.ide.mcu.externaltools.gnu-tools-for-stm32.13.3.rel1.linux64_1.0.0.202410170706/tools/bin/../lib/gcc/arm-none-eabi/13.3.1/thumb/v7e-m/nofp/libgcc.a
LOAD /opt/st/stm32cubeide_1.19.0/plugins/com.st.stm32cube.ide.mcu.externaltools.gnu-tools-for-stm32.13.3.rel1.linux64_1.0.0.202410170706/tools/bin/../lib/gcc/arm-none-eabi/13.3.1/../../../../arm-none-eabi/lib/thumb/v7e-m/nofp/libc_nano.a
END GROUP
START GROUP
LOAD /opt/st/stm32cubeide_1.19.0/plugins/com.st.stm32cube.ide.mcu.externaltools.gnu-tools-for-stm32.13.3.rel1.linux64_1.0.0.202410170706/tools/bin/../lib/gcc/arm-none-eabi/13.3.1/thumb/v7e-m/nofp/libgcc.a
LOAD /opt/st/stm32cubeide_1.19.0/plugins/com.st.stm32cube.ide.mcu.externaltools.gnu-tools-for-stm32.13.3.rel1.linux64_1.0.0.202410170706/tools/bin/../lib/gcc/arm-none-eabi/13.3.1/../../../../arm-none-eabi/lib/thumb/v7e-m/nofp/libc_nano.a
LOAD /opt/st/stm32cubeide_1.19.0/plugins/com.st.stm32cube.ide.mcu.externaltools.gnu-tools-for-stm32.13.3.rel1.linux64_1.0.0.202410170706/tools/bin/../lib/gcc/arm-none-eabi/13.3.1/../../../../arm-none-eabi/lib/thumb/v7e-m/nofp/libnosys.a
END GROUP
START GROUP
LOAD /opt/st/stm32cubeide_1.19.0/plugins/com.st.stm32cube.ide.mcu.externaltools.gnu-tools-for-stm32.13.3.rel1.linux64_1.0.0.202410170706/tools/bin/../lib/gcc/arm-none-eabi/13.3.1/thumb/v7e-m/nofp/libgcc.a
LOAD /opt/st/stm32cubeide_1.19.0/plugins/com.st.stm32cube.ide.mcu.externaltools.gnu-tools-for-stm32.13.3.rel1.linux64_1.0.0.202410170706/tools/bin/../lib/gcc/arm-none-eabi/13.3.1/../../../../arm-none-eabi/lib/thumb/v7e-m/nofp/libc_nano.a
LOAD /opt/st/stm32cubeide_1.19.0/plugins/com.st.stm32cube.ide.mcu.externaltools.gnu-tools-for-stm32.13.3.rel1.linux64_1.0.0.202410170706/tools/bin/../lib/gcc/arm-none-eabi/13.3.1/../../../../arm-none-eabi/lib/thumb/v7e-m/nofp/libnosys.a
END GROUP
LOAD /opt/st/stm32cubeide_1.19.0/plugins/com.st.stm32cube.ide.mcu.externaltools.gnu-tools-for-stm32.13.3.rel1.linux64_1.0.0.202410170706/tools/bin/../lib/gcc/arm-none-eabi/13.3.1/thumb/v7e-m/nofp/crtend.o
LOAD /opt/st/stm32cubeide_1.19.0/plugins/com.st.stm32cube.ide.mcu.externaltools.gnu-tools-for-stm32.13.3.rel1.linux64_1.0.0.202410170706/tools/bin/../lib/gcc/arm-none-eabi/13.3.1/thumb/v7e-m/nofp/crtn.o
                0x20010000                        _estack = (ORIGIN (RAM) + LENGTH (RAM))
                0x00000200                        _Min_Heap_Size = 0x200
                0x00000400                        _Min_Stack_Size = 0x400

.isr_vector     0x08000000      0x138
                0x08000000                        . = ALIGN (0x4)
 *(.isr_vector)
 .isr_vector    0x08000000      0x138 ./Core/Startup/startup_stm32wl55jcix.o
                0x08000000                g_pfnVectors
                0x08000138                        . = ALIGN (0x4)

.text           0x08000140     0xaf30
                0x08000140                        . = ALIGN (0x4)
 *(.text)
 .text          0x08000140       0x40 /opt/st/stm32cubeide_1.19.0/plugins/com.st.stm32cube.ide.mcu.externaltools.gnu-tools-for-stm32.13.3.rel1.linux64_1.0.0.202410170706/tools/bin/../lib/gcc/arm-none-eabi/13.3.1/thumb/v7e-m/nofp/crtbegin.o
 .text          0x08000180       0xa0 /opt/st/stm32cubeide_1.19.0/plugins/com.st.stm32cube.ide.mcu.externaltools.gnu-tools-for-stm32.13.3.rel1.linux64_1.0.0.202410170706/tools/bin/../lib/gcc/arm-none-eabi/13.3.1/../../../../arm-none-eabi/lib/thumb/v7e-m/nofp/libc_nano.a(libc_a-memchr.o)
                0x08000180                memchr
 .text          0x08000220       0x10 /opt/st/stm32cubeide_1.19.0/plugins/com.st.stm32cube.ide.mcu.externaltools.gnu-tools-for-stm32.13.3.rel1.linux64_1.0.0.202410170706/tools/bin/../lib/gcc/arm-none-eabi/13.3.1/../../../../arm-none-eabi/lib/thumb/v7e-m/nofp/libc_nano.a(libc_a-strlen.o)
                0x08000220                strlen
 .text          0x08000230      0x378 /opt/st/stm32cubeide_1.19.0/plugins/com.st.stm32cube.ide.mcu.externaltools.gnu-tools-for-stm32.13.3.rel1.linux64_1.0.0.202410170706/tools/bin/../lib/gcc/arm-none-eabi/13.3.1/thumb/v7e-m/nofp/libgcc.a(_arm_addsubdf3.o)
                0x08000230                __aeabi_drsub
                0x08000238                __aeabi_dsub
                0x08000238                __subdf3
                0x0800023c                __adddf3
                0x0800023c                __aeabi_dadd
                0x080004b4                __aeabi_ui2d
                0x080004b4                __floatunsidf
                0x080004d4                __floatsidf
                0x080004d4                __aeabi_i2d
                0x080004f8                __extendsfdf2
                0x080004f8                __aeabi_f2d
                0x0800053c                __aeabi_ul2d
                0x0800053c                __floatundidf
                0x0800054c                __floatdidf
                0x0800054c                __aeabi_l2d
 .text          0x080005a8      0x424 /opt/st/stm32cubeide_1.19.0/plugins/com.st.stm32cube.ide.mcu.externaltools.gnu-tools-for-stm32.13.3.rel1.linux64_1.0.0.202410170706/tools/bin/../lib/gcc/arm-none-eabi/13.3.1/thumb/v7e-m/nofp/libgcc.a(_arm_muldivdf3.o)
                0x080005a8                __aeabi_dmul
                0x080005a8                __muldf3
                0x080007fc                __aeabi_ddiv
                0x080007fc                __divdf3
 .text          0x080009cc      0x110 /opt/st/stm32cubeide_1.19.0/plugins/com.st.stm32cube.ide.mcu.externaltools.gnu-tools-for-stm32.13.3.rel1.linux64_1.0.0.202410170706/tools/bin/../lib/gcc/arm-none-eabi/13.3.1/thumb/v7e-m/nofp/libgcc.a(_arm_cmpdf2.o)
                0x080009cc                __gtdf2
                0x080009cc                __gedf2
                0x080009d4                __ltdf2
                0x080009d4                __ledf2
                0x080009dc                __cmpdf2
                0x080009dc                __eqdf2
                0x080009dc                __nedf2
                0x08000a58                __aeabi_cdrcmple
                0x08000a68                __aeabi_cdcmple
                0x08000a68                __aeabi_cdcmpeq
                0x08000a78                __aeabi_dcmpeq
                0x08000a8c                __aeabi_dcmplt
                0x08000aa0                __aeabi_dcmple
                0x08000ab4                __aeabi_dcmpge
                0x08000ac8                __aeabi_dcmpgt
 .text          0x08000adc       0x2c /opt/st/stm32cubeide_1.19.0/plugins/com.st.stm32cube.ide.mcu.externaltools.gnu-tools-for-stm32.13.3.rel1.linux64_1.0.0.202410170706/tools/bin/../lib/gcc/arm-none-eabi/13.3.1/thumb/v7e-m/nofp/libgcc.a(_arm_unorddf2.o)
                0x08000adc                __aeabi_dcmpun
                0x08000adc                __unorddf2
 .text          0x08000b08       0x50 /opt/st/stm32cubeide_1.19.0/plugins/com.st.stm32cube.ide.mcu.externaltools.gnu-tools-for-stm32.13.3.rel1.linux64_1.0.0.202410170706/tools/bin/../lib/gcc/arm-none-eabi/13.3.1/thumb/v7e-m/nofp/libgcc.a(_arm_fixdfsi.o)
                0x08000b08                __fixdfsi
                0x08000b08                __aeabi_d2iz
 .text          0x08000b58       0x40 /opt/st/stm32cubeide_1.19.0/plugins/com.st.stm32cube.ide.mcu.externaltools.gnu-tools-for-stm32.13.3.rel1.linux64_1.0.0.202410170706/tools/bin/../lib/gcc/arm-none-eabi/13.3.1/thumb/v7e-m/nofp/libgcc.a(_arm_fixunsdfsi.o)
                0x08000b58                __fixunsdfsi
                0x08000b58                __aeabi_d2uiz
 .text          0x08000b98       0xa0 /opt/st/stm32cubeide_1.19.0/plugins/com.st.stm32cube.ide.mcu.externaltools.gnu-tools-for-stm32.13.3.rel1.linux64_1.0.0.202410170706/tools/bin/../lib/gcc/arm-none-eabi/13.3.1/thumb/v7e-m/nofp/libgcc.a(_arm_truncdfsf2.o)
                0x08000b98                __aeabi_d2f
                0x08000b98                __truncdfsf2
 .text          0x08000c38       0x30 /opt/st/stm32cubeide_1.19.0/plugins/com.st.stm32cube.ide.mcu.externaltools.gnu-tools-for-stm32.13.3.rel1.linux64_1.0.0.202410170706/tools/bin/../lib/gcc/arm-none-eabi/13.3.1/thumb/v7e-m/nofp/libgcc.a(_aeabi_uldivmod.o)
                0x08000c38                __aeabi_uldivmod
 .text          0x08000c68       0x30 /opt/st/stm32cubeide_1.19.0/plugins/com.st.stm32cube.ide.mcu.externaltools.gnu-tools-for-stm32.13.3.rel1.linux64_1.0.0.202410170706/tools/bin/../lib/gcc/arm-none-eabi/13.3.1/thumb/v7e-m/nofp/libgcc.a(_fixdfdi.o)
                0x08000c68                __aeabi_d2lz
                0x08000c68                __fixdfdi
 .text          0x08000c98       0x3c /opt/st/stm32cubeide_1.19.0/plugins/com.st.stm32cube.ide.mcu.externaltools.gnu-tools-for-stm32.13.3.rel1.linux64_1.0.0.202410170706/tools/bin/../lib/gcc/arm-none-eabi/13.3.1/thumb/v7e-m/nofp/libgcc.a(_fixunsdfdi.o)
                0x08000c98                __aeabi_d2ulz
                0x08000c98                __fixunsdfdi
 .text          0x08000cd4      0x2f8 /opt/st/stm32cubeide_1.19.0/plugins/com.st.stm32cube.ide.mcu.externaltools.gnu-tools-for-stm32.13.3.rel1.linux64_1.0.0.202410170706/tools/bin/../lib/gcc/arm-none-eabi/13.3.1/thumb/v7e-m/nofp/libgcc.a(_udivmoddi4.o)
                0x08000cd4                __udivmoddi4
 .text          0x08000fcc        0x4 /opt/st/stm32cubeide_1.19.0/plugins/com.st.stm32cube.ide.mcu.externaltools.gnu-tools-for-stm32.13.3.rel1.linux64_1.0.0.202410170706/tools/bin/../lib/gcc/arm-none-eabi/13.3.1/thumb/v7e-m/nofp/libgcc.a(_dvmd_tls.o)
                0x08000fcc                __aeabi_ldiv0
                0x08000fcc                __aeabi_idiv0
 *(.text*)
 .text.LL_AHB1_GRP1_EnableClock
                0x08000fd0       0x30 ./Core/Src/dma.o
 .text.MX_DMA_Init
                0x08001000       0x34 ./Core/Src/dma.o
                0x08001000                MX_DMA_Init
 .text.LL_AHB2_GRP1_EnableClock
                0x08001034       0x30 ./Core/Src/gpio.o
 .text.MX_GPIO_Init
                0x08001064       0x50 ./Core/Src/gpio.o
                0x08001064                MX_GPIO_Init
 .text._write   0x080010b4       0x2c ./Core/Src/main.o
                0x080010b4                _write
 .text.main     0x080010e0       0x30 ./Core/Src/main.o
                0x080010e0                main
 .text.SystemClock_Config
                0x08001110       0xbc ./Core/Src/main.o
                0x08001110                SystemClock_Config
 .text.Radio_Init
                0x080011cc       0x90 ./Core/Src/main.o
                0x080011cc                Radio_Init
 .text.RadioOnDioIrq
                0x0800125c       0xa4 ./Core/Src/main.o
                0x0800125c                RadioOnDioIrq
 .text.Error_Handler
                0x08001300        0xc ./Core/Src/main.o
                0x08001300                Error_Handler
 .text.HAL_MspInit
                0x0800130c        0xc ./Core/Src/stm32wlxx_hal_msp.o
                0x0800130c                HAL_MspInit
 .text.NMI_Handler
                0x08001318        0x8 ./Core/Src/stm32wlxx_it.o
                0x08001318                NMI_Handler
 .text.HardFault_Handler
                0x08001320        0x8 ./Core/Src/stm32wlxx_it.o
                0x08001320                HardFault_Handler
 .text.MemManage_Handler
                0x08001328        0x8 ./Core/Src/stm32wlxx_it.o
                0x08001328                MemManage_Handler
 .text.BusFault_Handler
                0x08001330        0x8 ./Core/Src/stm32wlxx_it.o
                0x08001330                BusFault_Handler
 .text.UsageFault_Handler
                0x08001338        0x8 ./Core/Src/stm32wlxx_it.o
                0x08001338                UsageFault_Handler
 .text.SVC_Handler
                0x08001340        0xc ./Core/Src/stm32wlxx_it.o
                0x08001340                SVC_Handler
 .text.DebugMon_Handler
                0x0800134c        0xc ./Core/Src/stm32wlxx_it.o
                0x0800134c                DebugMon_Handler
 .text.PendSV_Handler
                0x08001358        0xc ./Core/Src/stm32wlxx_it.o
                0x08001358                PendSV_Handler
 .text.SysTick_Handler
                0x08001364        0xc ./Core/Src/stm32wlxx_it.o
                0x08001364                SysTick_Handler
 .text.DMA1_Channel1_IRQHandler
                0x08001370       0x14 ./Core/Src/stm32wlxx_it.o
                0x08001370                DMA1_Channel1_IRQHandler
 .text.DMA1_Channel2_IRQHandler
                0x08001384       0x14 ./Core/Src/stm32wlxx_it.o
                0x08001384                DMA1_Channel2_IRQHandler
 .text.USART2_IRQHandler
                0x08001398       0x14 ./Core/Src/stm32wlxx_it.o
                0x08001398                USART2_IRQHandler
 .text.SUBGHZ_Radio_IRQHandler
                0x080013ac       0x14 ./Core/Src/stm32wlxx_it.o
                0x080013ac                SUBGHZ_Radio_IRQHandler
 .text.LL_APB3_GRP1_EnableClock
                0x080013c0       0x30 ./Core/Src/subghz.o
 .text.MX_SUBGHZ_Init
                0x080013f0       0x24 ./Core/Src/subghz.o
                0x080013f0                MX_SUBGHZ_Init
 .text.HAL_SUBGHZ_MspInit
                0x08001414       0x26 ./Core/Src/subghz.o
                0x08001414                HAL_SUBGHZ_MspInit
 .text._getpid  0x0800143a        0xe ./Core/Src/syscalls.o
                0x0800143a                _getpid
 .text._kill    0x08001448       0x20 ./Core/Src/syscalls.o
                0x08001448                _kill
 .text._exit    0x08001468       0x16 ./Core/Src/syscalls.o
                0x08001468                _exit
 .text._read    0x0800147e       0x3a ./Core/Src/syscalls.o
                0x0800147e                _read
 .text._close   0x080014b8       0x16 ./Core/Src/syscalls.o
                0x080014b8                _close
 .text._fstat   0x080014ce       0x1e ./Core/Src/syscalls.o
                0x080014ce                _fstat
 .text._isatty  0x080014ec       0x14 ./Core/Src/syscalls.o
                0x080014ec                _isatty
 .text._lseek   0x08001500       0x18 ./Core/Src/syscalls.o
                0x08001500                _lseek
 .text._sbrk    0x08001518       0x6c ./Core/Src/sysmem.o
                0x08001518                _sbrk
 .text.SystemInit
                0x08001584        0xc ./Core/Src/system_stm32wlxx.o
                0x08001584                SystemInit
 .text.LL_AHB2_GRP1_EnableClock
                0x08001590       0x30 ./Core/Src/usart.o
 .text.LL_APB1_GRP1_EnableClock
                0x080015c0       0x30 ./Core/Src/usart.o
 .text.MX_USART2_UART_Init
                0x080015f0       0x98 ./Core/Src/usart.o
                0x080015f0                MX_USART2_UART_Init
 .text.HAL_UART_MspInit
                0x08001688      0x178 ./Core/Src/usart.o
                0x08001688                HAL_UART_MspInit
 .text.Reset_Handler
                0x08001800       0x50 ./Core/Startup/startup_stm32wl55jcix.o
                0x08001800                Reset_Handler
 .text.Default_Handler
                0x08001850        0x2 ./Core/Startup/startup_stm32wl55jcix.o
                0x08001850                RTC_Alarm_IRQHandler
                0x08001850                EXTI2_IRQHandler
                0x08001850                TIM1_CC_IRQHandler
                0x08001850                EXTI3_IRQHandler
                0x08001850                LPTIM2_IRQHandler
                0x08001850                I2C3_ER_IRQHandler
                0x08001850                LPTIM3_IRQHandler
                0x08001850                EXTI0_IRQHandler
                0x08001850                I2C2_EV_IRQHandler
                0x08001850                TAMP_STAMP_LSECSS_SSRU_IRQHandler
                0x08001850                SPI1_IRQHandler
                0x08001850                DMA2_Channel2_IRQHandler
                0x08001850                DMA1_Channel4_IRQHandler
                0x08001850                PKA_IRQHandler
                0x08001850                TIM17_IRQHandler
                0x08001850                DMA1_Channel7_IRQHandler
                0x08001850                SUBGHZSPI_IRQHandler
                0x08001850                IPCC_C1_TX_IRQHandler
                0x08001850                DMA2_Channel1_IRQHandler
                0x08001850                I2C1_EV_IRQHandler
                0x08001850                DMAMUX1_OVR_IRQHandler
                0x08001850                DMA1_Channel6_IRQHandler
                0x08001850                TIM16_IRQHandler
                0x08001850                DMA2_Channel4_IRQHandler
                0x08001850                RCC_IRQHandler
                0x08001850                TIM1_TRG_COM_IRQHandler
                0x08001850                Default_Handler
                0x08001850                DMA2_Channel7_IRQHandler
                0x08001850                EXTI15_10_IRQHandler
                0x08001850                IPCC_C1_RX_IRQHandler
                0x08001850                ADC_IRQHandler
                0x08001850                C2SEV_PWR_C2H_IRQHandler
                0x08001850                I2C3_EV_IRQHandler
                0x08001850                EXTI9_5_IRQHandler
                0x08001850                RTC_WKUP_IRQHandler
                0x08001850                PVD_PVM_IRQHandler
                0x08001850                SPI2_IRQHandler
                0x08001850                DMA2_Channel5_IRQHandler
                0x08001850                DMA1_Channel5_IRQHandler
                0x08001850                EXTI4_IRQHandler
                0x08001850                RNG_IRQHandler
                0x08001850                DMA1_Channel3_IRQHandler
                0x08001850                COMP_IRQHandler
                0x08001850                HSEM_IRQHandler
                0x08001850                TIM1_UP_IRQHandler
                0x08001850                WWDG_IRQHandler
                0x08001850                LPUART1_IRQHandler
                0x08001850                DMA2_Channel6_IRQHandler
                0x08001850                TIM2_IRQHandler
                0x08001850                TIM1_BRK_IRQHandler
                0x08001850                DAC_IRQHandler
                0x08001850                EXTI1_IRQHandler
                0x08001850                AES_IRQHandler
                0x08001850                I2C2_ER_IRQHandler
                0x08001850                FLASH_IRQHandler
                0x08001850                USART1_IRQHandler
                0x08001850                I2C1_ER_IRQHandler
                0x08001850                LPTIM1_IRQHandler
                0x08001850                DMA2_Channel3_IRQHandler
 .text.LL_AHB2_GRP1_EnableClock
                0x08001852       0x30 ./Drivers/BSP/STM32WLxx_Nucleo/stm32wlxx_nucleo.o
 *fill*         0x08001882        0x2 
 .text.BSP_LED_Init
                0x08001884       0x74 ./Drivers/BSP/STM32WLxx_Nucleo/stm32wlxx_nucleo.o
                0x08001884                BSP_LED_Init
 .text.BSP_LED_Toggle
                0x080018f8       0x34 ./Drivers/BSP/STM32WLxx_Nucleo/stm32wlxx_nucleo.o
                0x080018f8                BSP_LED_Toggle
 .text.LL_AHB2_GRP1_EnableClock
                0x0800192c       0x30 ./Drivers/BSP/STM32WLxx_Nucleo/stm32wlxx_nucleo_radio.o
 .text.BSP_RADIO_Init
                0x0800195c       0x7c ./Drivers/BSP/STM32WLxx_Nucleo/stm32wlxx_nucleo_radio.o
                0x0800195c                BSP_RADIO_Init
 .text.BSP_RADIO_GetTxConfig
                0x080019d8        0xe ./Drivers/BSP/STM32WLxx_Nucleo/stm32wlxx_nucleo_radio.o
                0x080019d8                BSP_RADIO_GetTxConfig
 .text.BSP_RADIO_IsTCXO
                0x080019e6        0xe ./Drivers/BSP/STM32WLxx_Nucleo/stm32wlxx_nucleo_radio.o
                0x080019e6                BSP_RADIO_IsTCXO
 .text.BSP_RADIO_IsDCDC
                0x080019f4        0xe ./Drivers/BSP/STM32WLxx_Nucleo/stm32wlxx_nucleo_radio.o
                0x080019f4                BSP_RADIO_IsDCDC
 .text.BSP_RADIO_GetRFOMaxPowerConfig
                0x08001a02       0x26 ./Drivers/BSP/STM32WLxx_Nucleo/stm32wlxx_nucleo_radio.o
                0x08001a02                BSP_RADIO_GetRFOMaxPowerConfig
 .text.HAL_Init
                0x08001a28       0x40 ./Drivers/STM32WLxx_HAL_Driver/Src/stm32wlxx_hal.o
                0x08001a28                HAL_Init
 .text.HAL_InitTick
                0x08001a68       0x74 ./Drivers/STM32WLxx_HAL_Driver/Src/stm32wlxx_hal.o
                0x08001a68                HAL_InitTick
 .text.HAL_IncTick
                0x08001adc       0x24 ./Drivers/STM32WLxx_HAL_Driver/Src/stm32wlxx_hal.o
                0x08001adc                HAL_IncTick
 .text.HAL_GetTick
                0x08001b00       0x14 ./Drivers/STM32WLxx_HAL_Driver/Src/stm32wlxx_hal.o
                0x08001b00                HAL_GetTick
 .text.__NVIC_SetPriorityGrouping
                0x08001b14       0x48 ./Drivers/STM32WLxx_HAL_Driver/Src/stm32wlxx_hal_cortex.o
 .text.__NVIC_GetPriorityGrouping
                0x08001b5c       0x1c ./Drivers/STM32WLxx_HAL_Driver/Src/stm32wlxx_hal_cortex.o
 .text.__NVIC_EnableIRQ
                0x08001b78       0x38 ./Drivers/STM32WLxx_HAL_Driver/Src/stm32wlxx_hal_cortex.o
 .text.__NVIC_SetPriority
                0x08001bb0       0x54 ./Drivers/STM32WLxx_HAL_Driver/Src/stm32wlxx_hal_cortex.o
 .text.NVIC_EncodePriority
                0x08001c04       0x64 ./Drivers/STM32WLxx_HAL_Driver/Src/stm32wlxx_hal_cortex.o
 .text.SysTick_Config
                0x08001c68       0x44 ./Drivers/STM32WLxx_HAL_Driver/Src/stm32wlxx_hal_cortex.o
 .text.HAL_NVIC_SetPriorityGrouping
                0x08001cac       0x16 ./Drivers/STM32WLxx_HAL_Driver/Src/stm32wlxx_hal_cortex.o
                0x08001cac                HAL_NVIC_SetPriorityGrouping
 .text.HAL_NVIC_SetPriority
                0x08001cc2       0x34 ./Drivers/STM32WLxx_HAL_Driver/Src/stm32wlxx_hal_cortex.o
                0x08001cc2                HAL_NVIC_SetPriority
 .text.HAL_NVIC_EnableIRQ
                0x08001cf6       0x1c ./Drivers/STM32WLxx_HAL_Driver/Src/stm32wlxx_hal_cortex.o
                0x08001cf6                HAL_NVIC_EnableIRQ
 .text.HAL_SYSTICK_Config
                0x08001d12       0x18 ./Drivers/STM32WLxx_HAL_Driver/Src/stm32wlxx_hal_cortex.o
                0x08001d12                HAL_SYSTICK_Config
 *fill*         0x08001d2a        0x2 
 .text.HAL_DMA_Init
                0x08001d2c      0x150 ./Drivers/STM32WLxx_HAL_Driver/Src/stm32wlxx_hal_dma.o
                0x08001d2c                HAL_DMA_Init
 .text.HAL_DMA_Abort
                0x08001e7c       0xbc ./Drivers/STM32WLxx_HAL_Driver/Src/stm32wlxx_hal_dma.o
                0x08001e7c                HAL_DMA_Abort
 .text.HAL_DMA_Abort_IT
                0x08001f38       0xbe ./Drivers/STM32WLxx_HAL_Driver/Src/stm32wlxx_hal_dma.o
                0x08001f38                HAL_DMA_Abort_IT
 *fill*         0x08001ff6        0x2 
 .text.HAL_DMA_IRQHandler
                0x08001ff8      0x18c ./Drivers/STM32WLxx_HAL_Driver/Src/stm32wlxx_hal_dma.o
                0x08001ff8                HAL_DMA_IRQHandler
 .text.HAL_DMA_ConfigChannelAttributes
                0x08002184       0x5e ./Drivers/STM32WLxx_HAL_Driver/Src/stm32wlxx_hal_dma.o
                0x08002184                HAL_DMA_ConfigChannelAttributes
 *fill*         0x080021e2        0x2 
 .text.DMA_CalcDMAMUXChannelBaseAndMask
                0x080021e4       0x90 ./Drivers/STM32WLxx_HAL_Driver/Src/stm32wlxx_hal_dma.o
 .text.DMA_CalcDMAMUXRequestGenBaseAndMask
                0x08002274       0x48 ./Drivers/STM32WLxx_HAL_Driver/Src/stm32wlxx_hal_dma.o
 .text.HAL_GPIO_Init
                0x080022bc      0x2c0 ./Drivers/STM32WLxx_HAL_Driver/Src/stm32wlxx_hal_gpio.o
                0x080022bc                HAL_GPIO_Init
 .text.HAL_GPIO_WritePin
                0x0800257c       0x2e ./Drivers/STM32WLxx_HAL_Driver/Src/stm32wlxx_hal_gpio.o
                0x0800257c                HAL_GPIO_WritePin
 .text.HAL_GPIO_TogglePin
                0x080025aa       0x32 ./Drivers/STM32WLxx_HAL_Driver/Src/stm32wlxx_hal_gpio.o
                0x080025aa                HAL_GPIO_TogglePin
 .text.HAL_PWR_EnableBkUpAccess
                0x080025dc       0x1c ./Drivers/STM32WLxx_HAL_Driver/Src/stm32wlxx_hal_pwr.o
                0x080025dc                HAL_PWR_EnableBkUpAccess
 .text.HAL_PWR_EnterSLEEPMode
                0x080025f8       0x68 ./Drivers/STM32WLxx_HAL_Driver/Src/stm32wlxx_hal_pwr.o
                0x080025f8                HAL_PWR_EnterSLEEPMode
 .text.HAL_PWREx_GetVoltageRange
                0x08002660       0x18 ./Drivers/STM32WLxx_HAL_Driver/Src/stm32wlxx_hal_pwr_ex.o
                0x08002660                HAL_PWREx_GetVoltageRange
 .text.HAL_PWREx_EnableLowPowerRunMode
                0x08002678       0x1c ./Drivers/STM32WLxx_HAL_Driver/Src/stm32wlxx_hal_pwr_ex.o
                0x08002678                HAL_PWREx_EnableLowPowerRunMode
 .text.HAL_PWREx_DisableLowPowerRunMode
                0x08002694       0x6c ./Drivers/STM32WLxx_HAL_Driver/Src/stm32wlxx_hal_pwr_ex.o
                0x08002694                HAL_PWREx_DisableLowPowerRunMode
 .text.LL_PWR_IsEnabledBkUpAccess
                0x08002700       0x24 ./Drivers/STM32WLxx_HAL_Driver/Src/stm32wlxx_hal_rcc.o
 .text.LL_RCC_HSE_EnableTcxo
                0x08002724       0x1c ./Drivers/STM32WLxx_HAL_Driver/Src/stm32wlxx_hal_rcc.o
 .text.LL_RCC_HSE_DisableTcxo
                0x08002740       0x1c ./Drivers/STM32WLxx_HAL_Driver/Src/stm32wlxx_hal_rcc.o
 .text.LL_RCC_HSE_IsEnabledDiv2
                0x0800275c       0x22 ./Drivers/STM32WLxx_HAL_Driver/Src/stm32wlxx_hal_rcc.o
 .text.LL_RCC_HSE_Enable
                0x0800277e       0x1c ./Drivers/STM32WLxx_HAL_Driver/Src/stm32wlxx_hal_rcc.o
 .text.LL_RCC_HSE_Disable
                0x0800279a       0x1c ./Drivers/STM32WLxx_HAL_Driver/Src/stm32wlxx_hal_rcc.o
 .text.LL_RCC_HSE_IsReady
                0x080027b6       0x22 ./Drivers/STM32WLxx_HAL_Driver/Src/stm32wlxx_hal_rcc.o
 .text.LL_RCC_HSI_Enable
                0x080027d8       0x1c ./Drivers/STM32WLxx_HAL_Driver/Src/stm32wlxx_hal_rcc.o
 .text.LL_RCC_HSI_Disable
                0x080027f4       0x1c ./Drivers/STM32WLxx_HAL_Driver/Src/stm32wlxx_hal_rcc.o
 .text.LL_RCC_HSI_IsReady
                0x08002810       0x22 ./Drivers/STM32WLxx_HAL_Driver/Src/stm32wlxx_hal_rcc.o
 .text.LL_RCC_HSI_SetCalibTrimming
                0x08002832       0x28 ./Drivers/STM32WLxx_HAL_Driver/Src/stm32wlxx_hal_rcc.o
 .text.LL_RCC_LSE_IsReady
                0x0800285a       0x22 ./Drivers/STM32WLxx_HAL_Driver/Src/stm32wlxx_hal_rcc.o
 .text.LL_RCC_LSI_Enable
                0x0800287c       0x20 ./Drivers/STM32WLxx_HAL_Driver/Src/stm32wlxx_hal_rcc.o
 .text.LL_RCC_LSI_Disable
                0x0800289c       0x20 ./Drivers/STM32WLxx_HAL_Driver/Src/stm32wlxx_hal_rcc.o
 .text.LL_RCC_LSI_IsReady
                0x080028bc       0x22 ./Drivers/STM32WLxx_HAL_Driver/Src/stm32wlxx_hal_rcc.o
 .text.LL_RCC_MSI_Enable
                0x080028de       0x1c ./Drivers/STM32WLxx_HAL_Driver/Src/stm32wlxx_hal_rcc.o
 .text.LL_RCC_MSI_Disable
                0x080028fa       0x1c ./Drivers/STM32WLxx_HAL_Driver/Src/stm32wlxx_hal_rcc.o
 .text.LL_RCC_MSI_IsReady
                0x08002916       0x20 ./Drivers/STM32WLxx_HAL_Driver/Src/stm32wlxx_hal_rcc.o
 .text.LL_RCC_MSI_IsEnabledRangeSelect
                0x08002936       0x20 ./Drivers/STM32WLxx_HAL_Driver/Src/stm32wlxx_hal_rcc.o
 .text.LL_RCC_MSI_GetRange
                0x08002956       0x16 ./Drivers/STM32WLxx_HAL_Driver/Src/stm32wlxx_hal_rcc.o
 .text.LL_RCC_MSI_GetRangeAfterStandby
                0x0800296c       0x18 ./Drivers/STM32WLxx_HAL_Driver/Src/stm32wlxx_hal_rcc.o
 .text.LL_RCC_MSI_SetCalibTrimming
                0x08002984       0x28 ./Drivers/STM32WLxx_HAL_Driver/Src/stm32wlxx_hal_rcc.o
 .text.LL_RCC_SetSysClkSource
                0x080029ac       0x26 ./Drivers/STM32WLxx_HAL_Driver/Src/stm32wlxx_hal_rcc.o
 .text.LL_RCC_GetSysClkSource
                0x080029d2       0x16 ./Drivers/STM32WLxx_HAL_Driver/Src/stm32wlxx_hal_rcc.o
 .text.LL_RCC_SetAHBPrescaler
                0x080029e8       0x26 ./Drivers/STM32WLxx_HAL_Driver/Src/stm32wlxx_hal_rcc.o
 .text.LL_C2_RCC_SetAHBPrescaler
                0x08002a0e       0x2a ./Drivers/STM32WLxx_HAL_Driver/Src/stm32wlxx_hal_rcc.o
 .text.LL_RCC_SetAHB3Prescaler
                0x08002a38       0x2c ./Drivers/STM32WLxx_HAL_Driver/Src/stm32wlxx_hal_rcc.o
 .text.LL_RCC_SetAPB1Prescaler
                0x08002a64       0x26 ./Drivers/STM32WLxx_HAL_Driver/Src/stm32wlxx_hal_rcc.o
 .text.LL_RCC_SetAPB2Prescaler
                0x08002a8a       0x26 ./Drivers/STM32WLxx_HAL_Driver/Src/stm32wlxx_hal_rcc.o
 .text.LL_RCC_GetAHBPrescaler
                0x08002ab0       0x16 ./Drivers/STM32WLxx_HAL_Driver/Src/stm32wlxx_hal_rcc.o
 .text.LL_RCC_GetAHB3Prescaler
                0x08002ac6       0x1a ./Drivers/STM32WLxx_HAL_Driver/Src/stm32wlxx_hal_rcc.o
 .text.LL_RCC_GetAPB1Prescaler
                0x08002ae0       0x16 ./Drivers/STM32WLxx_HAL_Driver/Src/stm32wlxx_hal_rcc.o
 .text.LL_RCC_GetAPB2Prescaler
                0x08002af6       0x16 ./Drivers/STM32WLxx_HAL_Driver/Src/stm32wlxx_hal_rcc.o
 .text.LL_RCC_PLL_Enable
                0x08002b0c       0x1c ./Drivers/STM32WLxx_HAL_Driver/Src/stm32wlxx_hal_rcc.o
 .text.LL_RCC_PLL_Disable
                0x08002b28       0x1c ./Drivers/STM32WLxx_HAL_Driver/Src/stm32wlxx_hal_rcc.o
 .text.LL_RCC_PLL_IsReady
                0x08002b44       0x22 ./Drivers/STM32WLxx_HAL_Driver/Src/stm32wlxx_hal_rcc.o
 .text.LL_RCC_PLL_GetN
                0x08002b66       0x18 ./Drivers/STM32WLxx_HAL_Driver/Src/stm32wlxx_hal_rcc.o
 .text.LL_RCC_PLL_GetR
                0x08002b7e       0x16 ./Drivers/STM32WLxx_HAL_Driver/Src/stm32wlxx_hal_rcc.o
 .text.LL_RCC_PLL_GetDivider
                0x08002b94       0x16 ./Drivers/STM32WLxx_HAL_Driver/Src/stm32wlxx_hal_rcc.o
 .text.LL_RCC_PLL_GetMainSource
                0x08002baa       0x16 ./Drivers/STM32WLxx_HAL_Driver/Src/stm32wlxx_hal_rcc.o
 .text.LL_RCC_IsActiveFlag_HPRE
                0x08002bc0       0x22 ./Drivers/STM32WLxx_HAL_Driver/Src/stm32wlxx_hal_rcc.o
 .text.LL_RCC_IsActiveFlag_C2HPRE
                0x08002be2       0x24 ./Drivers/STM32WLxx_HAL_Driver/Src/stm32wlxx_hal_rcc.o
 .text.LL_RCC_IsActiveFlag_SHDHPRE
                0x08002c06       0x24 ./Drivers/STM32WLxx_HAL_Driver/Src/stm32wlxx_hal_rcc.o
 .text.LL_RCC_IsActiveFlag_PPRE1
                0x08002c2a       0x22 ./Drivers/STM32WLxx_HAL_Driver/Src/stm32wlxx_hal_rcc.o
 .text.LL_RCC_IsActiveFlag_PPRE2
                0x08002c4c       0x22 ./Drivers/STM32WLxx_HAL_Driver/Src/stm32wlxx_hal_rcc.o
 *fill*         0x08002c6e        0x2 
 .text.HAL_RCC_OscConfig
                0x08002c70      0x704 ./Drivers/STM32WLxx_HAL_Driver/Src/stm32wlxx_hal_rcc.o
                0x08002c70                HAL_RCC_OscConfig
 .text.HAL_RCC_ClockConfig
                0x08003374      0x284 ./Drivers/STM32WLxx_HAL_Driver/Src/stm32wlxx_hal_rcc.o
                0x08003374                HAL_RCC_ClockConfig
 .text.HAL_RCC_GetSysClockFreq
                0x080035f8      0x140 ./Drivers/STM32WLxx_HAL_Driver/Src/stm32wlxx_hal_rcc.o
                0x080035f8                HAL_RCC_GetSysClockFreq
 .text.HAL_RCC_GetHCLKFreq
                0x08003738       0x28 ./Drivers/STM32WLxx_HAL_Driver/Src/stm32wlxx_hal_rcc.o
                0x08003738                HAL_RCC_GetHCLKFreq
 .text.HAL_RCC_GetPCLK1Freq
                0x08003760       0x24 ./Drivers/STM32WLxx_HAL_Driver/Src/stm32wlxx_hal_rcc.o
                0x08003760                HAL_RCC_GetPCLK1Freq
 .text.HAL_RCC_GetPCLK2Freq
                0x08003784       0x24 ./Drivers/STM32WLxx_HAL_Driver/Src/stm32wlxx_hal_rcc.o
                0x08003784                HAL_RCC_GetPCLK2Freq
 .text.RCC_SetFlashLatencyFromMSIRange
                0x080037a8       0x60 ./Drivers/STM32WLxx_HAL_Driver/Src/stm32wlxx_hal_rcc.o
 .text.RCC_SetFlashLatency
                0x08003808      0x104 ./Drivers/STM32WLxx_HAL_Driver/Src/stm32wlxx_hal_rcc.o
 .text.LL_RCC_LSE_IsReady
                0x0800390c       0x22 ./Drivers/STM32WLxx_HAL_Driver/Src/stm32wlxx_hal_rcc_ex.o
 .text.LL_RCC_SetUSARTClockSource
                0x0800392e       0x30 ./Drivers/STM32WLxx_HAL_Driver/Src/stm32wlxx_hal_rcc_ex.o
 .text.LL_RCC_SetI2SClockSource
                0x0800395e       0x2a ./Drivers/STM32WLxx_HAL_Driver/Src/stm32wlxx_hal_rcc_ex.o
 .text.LL_RCC_SetLPUARTClockSource
                0x08003988       0x2a ./Drivers/STM32WLxx_HAL_Driver/Src/stm32wlxx_hal_rcc_ex.o
 .text.LL_RCC_SetI2CClockSource
                0x080039b2       0x38 ./Drivers/STM32WLxx_HAL_Driver/Src/stm32wlxx_hal_rcc_ex.o
 .text.LL_RCC_SetLPTIMClockSource
                0x080039ea       0x32 ./Drivers/STM32WLxx_HAL_Driver/Src/stm32wlxx_hal_rcc_ex.o
 .text.LL_RCC_SetRNGClockSource
                0x08003a1c       0x2a ./Drivers/STM32WLxx_HAL_Driver/Src/stm32wlxx_hal_rcc_ex.o
 .text.LL_RCC_SetADCClockSource
                0x08003a46       0x2a ./Drivers/STM32WLxx_HAL_Driver/Src/stm32wlxx_hal_rcc_ex.o
 .text.LL_RCC_SetRTCClockSource
                0x08003a70       0x2a ./Drivers/STM32WLxx_HAL_Driver/Src/stm32wlxx_hal_rcc_ex.o
 .text.LL_RCC_GetRTCClockSource
                0x08003a9a       0x18 ./Drivers/STM32WLxx_HAL_Driver/Src/stm32wlxx_hal_rcc_ex.o
 .text.LL_RCC_ForceBackupDomainReset
                0x08003ab2       0x20 ./Drivers/STM32WLxx_HAL_Driver/Src/stm32wlxx_hal_rcc_ex.o
 .text.LL_RCC_ReleaseBackupDomainReset
                0x08003ad2       0x20 ./Drivers/STM32WLxx_HAL_Driver/Src/stm32wlxx_hal_rcc_ex.o
 *fill*         0x08003af2        0x2 
 .text.HAL_RCCEx_PeriphCLKConfig
                0x08003af4      0x234 ./Drivers/STM32WLxx_HAL_Driver/Src/stm32wlxx_hal_rcc_ex.o
                0x08003af4                HAL_RCCEx_PeriphCLKConfig
 .text.LL_PWR_SetRadioBusyTrigger
                0x08003d28       0x28 ./Drivers/STM32WLxx_HAL_Driver/Src/stm32wlxx_hal_subghz.o
 .text.LL_PWR_UnselectSUBGHZSPI_NSS
                0x08003d50       0x20 ./Drivers/STM32WLxx_HAL_Driver/Src/stm32wlxx_hal_subghz.o
 .text.LL_PWR_SelectSUBGHZSPI_NSS
                0x08003d70       0x20 ./Drivers/STM32WLxx_HAL_Driver/Src/stm32wlxx_hal_subghz.o
 .text.LL_PWR_ClearFlag_RFBUSY
                0x08003d90       0x18 ./Drivers/STM32WLxx_HAL_Driver/Src/stm32wlxx_hal_subghz.o
 .text.LL_PWR_IsActiveFlag_RFBUSYS
                0x08003da8       0x24 ./Drivers/STM32WLxx_HAL_Driver/Src/stm32wlxx_hal_subghz.o
 .text.LL_PWR_IsActiveFlag_RFBUSYMS
                0x08003dcc       0x24 ./Drivers/STM32WLxx_HAL_Driver/Src/stm32wlxx_hal_subghz.o
 .text.LL_RCC_RF_DisableReset
                0x08003df0       0x20 ./Drivers/STM32WLxx_HAL_Driver/Src/stm32wlxx_hal_subghz.o
 .text.LL_RCC_IsRFUnderReset
                0x08003e10       0x24 ./Drivers/STM32WLxx_HAL_Driver/Src/stm32wlxx_hal_subghz.o
 .text.LL_EXTI_EnableIT_32_63
                0x08003e34       0x28 ./Drivers/STM32WLxx_HAL_Driver/Src/stm32wlxx_hal_subghz.o
 .text.HAL_SUBGHZ_Init
                0x08003e5c       0xc8 ./Drivers/STM32WLxx_HAL_Driver/Src/stm32wlxx_hal_subghz.o
                0x08003e5c                HAL_SUBGHZ_Init
 .text.HAL_SUBGHZ_WriteRegisters
                0x08003f24       0xbe ./Drivers/STM32WLxx_HAL_Driver/Src/stm32wlxx_hal_subghz.o
                0x08003f24                HAL_SUBGHZ_WriteRegisters
 .text.HAL_SUBGHZ_ReadRegisters
                0x08003fe2       0xc2 ./Drivers/STM32WLxx_HAL_Driver/Src/stm32wlxx_hal_subghz.o
                0x08003fe2                HAL_SUBGHZ_ReadRegisters
 .text.HAL_SUBGHZ_ExecSetCmd
                0x080040a4       0xbe ./Drivers/STM32WLxx_HAL_Driver/Src/stm32wlxx_hal_subghz.o
                0x080040a4                HAL_SUBGHZ_ExecSetCmd
 .text.HAL_SUBGHZ_ExecGetCmd
                0x08004162       0xa8 ./Drivers/STM32WLxx_HAL_Driver/Src/stm32wlxx_hal_subghz.o
                0x08004162                HAL_SUBGHZ_ExecGetCmd
 .text.HAL_SUBGHZ_WriteBuffer
                0x0800420a       0xa6 ./Drivers/STM32WLxx_HAL_Driver/Src/stm32wlxx_hal_subghz.o
                0x0800420a                HAL_SUBGHZ_WriteBuffer
 .text.HAL_SUBGHZ_ReadBuffer
                0x080042b0       0xb0 ./Drivers/STM32WLxx_HAL_Driver/Src/stm32wlxx_hal_subghz.o
                0x080042b0                HAL_SUBGHZ_ReadBuffer
 .text.HAL_SUBGHZ_IRQHandler
                0x08004360      0x11c ./Drivers/STM32WLxx_HAL_Driver/Src/stm32wlxx_hal_subghz.o
                0x08004360                HAL_SUBGHZ_IRQHandler
 .text.SUBGHZSPI_Init
                0x0800447c       0x40 ./Drivers/STM32WLxx_HAL_Driver/Src/stm32wlxx_hal_subghz.o
                0x0800447c                SUBGHZSPI_Init
 .text.SUBGHZSPI_Transmit
                0x080044bc       0xac ./Drivers/STM32WLxx_HAL_Driver/Src/stm32wlxx_hal_subghz.o
                0x080044bc                SUBGHZSPI_Transmit
 .text.SUBGHZSPI_Receive
                0x08004568       0xb0 ./Drivers/STM32WLxx_HAL_Driver/Src/stm32wlxx_hal_subghz.o
                0x08004568                SUBGHZSPI_Receive
 .text.SUBGHZ_CheckDeviceReady
                0x08004618       0x48 ./Drivers/STM32WLxx_HAL_Driver/Src/stm32wlxx_hal_subghz.o
                0x08004618                SUBGHZ_CheckDeviceReady
 .text.SUBGHZ_WaitOnBusy
                0x08004660       0x5c ./Drivers/STM32WLxx_HAL_Driver/Src/stm32wlxx_hal_subghz.o
                0x08004660                SUBGHZ_WaitOnBusy
 .text.LL_RCC_GetUSARTClockSource
                0x080046bc       0x24 ./Drivers/STM32WLxx_HAL_Driver/Src/stm32wlxx_hal_uart.o
 .text.LL_RCC_GetLPUARTClockSource
                0x080046e0       0x1e ./Drivers/STM32WLxx_HAL_Driver/Src/stm32wlxx_hal_uart.o
 .text.HAL_UART_Init
                0x080046fe       0xa0 ./Drivers/STM32WLxx_HAL_Driver/Src/stm32wlxx_hal_uart.o
                0x080046fe                HAL_UART_Init
 .text.HAL_UART_Transmit
                0x0800479e      0x10c ./Drivers/STM32WLxx_HAL_Driver/Src/stm32wlxx_hal_uart.o
                0x0800479e                HAL_UART_Transmit
 *fill*         0x080048aa        0x2 
 .text.HAL_UART_IRQHandler
                0x080048ac      0x648 ./Drivers/STM32WLxx_HAL_Driver/Src/stm32wlxx_hal_uart.o
                0x080048ac                HAL_UART_IRQHandler
 .text.HAL_UART_TxCpltCallback
                0x08004ef4       0x12 ./Drivers/STM32WLxx_HAL_Driver/Src/stm32wlxx_hal_uart.o
                0x08004ef4                HAL_UART_TxCpltCallback
 .text.HAL_UART_ErrorCallback
                0x08004f06       0x12 ./Drivers/STM32WLxx_HAL_Driver/Src/stm32wlxx_hal_uart.o
                0x08004f06                HAL_UART_ErrorCallback
 .text.HAL_UARTEx_RxEventCallback
                0x08004f18       0x16 ./Drivers/STM32WLxx_HAL_Driver/Src/stm32wlxx_hal_uart.o
                0x08004f18                HAL_UARTEx_RxEventCallback
 *fill*         0x08004f2e        0x2 
 .text.UART_SetConfig
                0x08004f30      0x4e8 ./Drivers/STM32WLxx_HAL_Driver/Src/stm32wlxx_hal_uart.o
                0x08004f30                UART_SetConfig
 .text.UART_AdvFeatureConfig
                0x08005418      0x142 ./Drivers/STM32WLxx_HAL_Driver/Src/stm32wlxx_hal_uart.o
                0x08005418                UART_AdvFeatureConfig
 .text.UART_CheckIdleState
                0x0800555a       0x9c ./Drivers/STM32WLxx_HAL_Driver/Src/stm32wlxx_hal_uart.o
                0x0800555a                UART_CheckIdleState
 .text.UART_WaitOnFlagUntilTimeout
                0x080055f6      0x19c ./Drivers/STM32WLxx_HAL_Driver/Src/stm32wlxx_hal_uart.o
                0x080055f6                UART_WaitOnFlagUntilTimeout
 .text.UART_EndRxTransfer
                0x08005792       0xca ./Drivers/STM32WLxx_HAL_Driver/Src/stm32wlxx_hal_uart.o
 .text.UART_DMAAbortOnError
                0x0800585c       0x2c ./Drivers/STM32WLxx_HAL_Driver/Src/stm32wlxx_hal_uart.o
 .text.UART_EndTransmit_IT
                0x08005888       0x56 ./Drivers/STM32WLxx_HAL_Driver/Src/stm32wlxx_hal_uart.o
 .text.HAL_UARTEx_WakeupCallback
                0x080058de       0x12 ./Drivers/STM32WLxx_HAL_Driver/Src/stm32wlxx_hal_uart_ex.o
                0x080058de                HAL_UARTEx_WakeupCallback
 .text.HAL_UARTEx_RxFifoFullCallback
                0x080058f0       0x12 ./Drivers/STM32WLxx_HAL_Driver/Src/stm32wlxx_hal_uart_ex.o
                0x080058f0                HAL_UARTEx_RxFifoFullCallback
 .text.HAL_UARTEx_TxFifoEmptyCallback
                0x08005902       0x12 ./Drivers/STM32WLxx_HAL_Driver/Src/stm32wlxx_hal_uart_ex.o
                0x08005902                HAL_UARTEx_TxFifoEmptyCallback
 .text.HAL_UARTEx_DisableFifoMode
                0x08005914       0x70 ./Drivers/STM32WLxx_HAL_Driver/Src/stm32wlxx_hal_uart_ex.o
                0x08005914                HAL_UARTEx_DisableFifoMode
 .text.HAL_UARTEx_SetTxFifoThreshold
                0x08005984       0x7c ./Drivers/STM32WLxx_HAL_Driver/Src/stm32wlxx_hal_uart_ex.o
                0x08005984                HAL_UARTEx_SetTxFifoThreshold
 .text.HAL_UARTEx_SetRxFifoThreshold
                0x08005a00       0x7c ./Drivers/STM32WLxx_HAL_Driver/Src/stm32wlxx_hal_uart_ex.o
                0x08005a00                HAL_UARTEx_SetRxFifoThreshold
 .text.UARTEx_SetNbDataToProcess
                0x08005a7c       0x98 ./Drivers/STM32WLxx_HAL_Driver/Src/stm32wlxx_hal_uart_ex.o
 .text.RBI_Init
                0x08005b14        0xe ./Radio/radio_board_if.o
                0x08005b14                RBI_Init
 .text.RBI_GetTxConfig
                0x08005b22        0xe ./Radio/radio_board_if.o
                0x08005b22                RBI_GetTxConfig
 .text.RBI_IsTCXO
                0x08005b30        0xe ./Radio/radio_board_if.o
                0x08005b30                RBI_IsTCXO
 .text.RBI_IsDCDC
                0x08005b3e        0xe ./Radio/radio_board_if.o
                0x08005b3e                RBI_IsDCDC
 .text.RBI_GetRFOMaxPowerConfig
                0x08005b4c       0x1c ./Radio/radio_board_if.o
                0x08005b4c                RBI_GetRFOMaxPowerConfig
 .text.SUBGRF_Init
                0x08005b68       0x90 ./Radio/radio_driver.o
                0x08005b68                SUBGRF_Init
 .text.SUBGRF_SetPayload
                0x08005bf8       0x20 ./Radio/radio_driver.o
                0x08005bf8                SUBGRF_SetPayload
 .text.SUBGRF_GetPayload
                0x08005c18       0x44 ./Radio/radio_driver.o
                0x08005c18                SUBGRF_GetPayload
 .text.SUBGRF_SendPayload
                0x08005c5c       0x26 ./Radio/radio_driver.o
                0x08005c5c                SUBGRF_SendPayload
 .text.SUBGRF_SetCrcSeed
                0x08005c82       0x40 ./Radio/radio_driver.o
                0x08005c82                SUBGRF_SetCrcSeed
 .text.SUBGRF_SetCrcPolynomial
                0x08005cc2       0x40 ./Radio/radio_driver.o
                0x08005cc2                SUBGRF_SetCrcPolynomial
 *fill*         0x08005d02        0x2 
 .text.SUBGRF_SetStandby
                0x08005d04       0x38 ./Radio/radio_driver.o
                0x08005d04                SUBGRF_SetStandby
 .text.SUBGRF_SetTx
                0x08005d3c       0x40 ./Radio/radio_driver.o
                0x08005d3c                SUBGRF_SetTx
 .text.SUBGRF_SetRx
                0x08005d7c       0x40 ./Radio/radio_driver.o
                0x08005d7c                SUBGRF_SetRx
 .text.SUBGRF_Calibrate
                0x08005dbc       0x98 ./Radio/radio_driver.o
                0x08005dbc                SUBGRF_Calibrate
 .text.SUBGRF_CalibrateImage
                0x08005e54       0x94 ./Radio/radio_driver.o
                0x08005e54                SUBGRF_CalibrateImage
 .text.SUBGRF_SetPaConfig
                0x08005ee8       0x44 ./Radio/radio_driver.o
                0x08005ee8                SUBGRF_SetPaConfig
 .text.SUBGRF_SetDioIrqParams
                0x08005f2c       0x74 ./Radio/radio_driver.o
                0x08005f2c                SUBGRF_SetDioIrqParams
 .text.SUBGRF_SetTcxoMode
                0x08005fa0       0x42 ./Radio/radio_driver.o
                0x08005fa0                SUBGRF_SetTcxoMode
 *fill*         0x08005fe2        0x2 
 .text.SUBGRF_SetRfFrequency
                0x08005fe4       0x8c ./Radio/radio_driver.o
                0x08005fe4                SUBGRF_SetRfFrequency
 .text.SUBGRF_SetPacketType
                0x08006070       0x38 ./Radio/radio_driver.o
                0x08006070                SUBGRF_SetPacketType
 .text.SUBGRF_GetPacketType
                0x080060a8       0x14 ./Radio/radio_driver.o
                0x080060a8                SUBGRF_GetPacketType
 .text.SUBGRF_SetTxParams
                0x080060bc      0x19a ./Radio/radio_driver.o
                0x080060bc                SUBGRF_SetTxParams
 *fill*         0x08006256        0x2 
 .text.SUBGRF_SetModulationParams
                0x08006258      0x19c ./Radio/radio_driver.o
                0x08006258                SUBGRF_SetModulationParams
 .text.SUBGRF_SetPacketParams
                0x080063f4      0x138 ./Radio/radio_driver.o
                0x080063f4                SUBGRF_SetPacketParams
 .text.SUBGRF_GetRxBufferStatus
                0x0800652c       0x58 ./Radio/radio_driver.o
                0x0800652c                SUBGRF_GetRxBufferStatus
 .text.SUBGRF_WriteRegister
                0x08006584       0x28 ./Radio/radio_driver.o
                0x08006584                SUBGRF_WriteRegister
 .text.SUBGRF_ReadRegister
                0x080065ac       0x28 ./Radio/radio_driver.o
                0x080065ac                SUBGRF_ReadRegister
 .text.SUBGRF_WriteRegisters
                0x080065d4       0x44 ./Radio/radio_driver.o
                0x080065d4                SUBGRF_WriteRegisters
 .text.SUBGRF_WriteBuffer
                0x08006618       0x44 ./Radio/radio_driver.o
                0x08006618                SUBGRF_WriteBuffer
 .text.SUBGRF_ReadBuffer
                0x0800665c       0x44 ./Radio/radio_driver.o
                0x0800665c                SUBGRF_ReadBuffer
 .text.SUBGRF_WriteCommand
                0x080066a0       0x44 ./Radio/radio_driver.o
                0x080066a0                SUBGRF_WriteCommand
 .text.SUBGRF_ReadCommand
                0x080066e4       0x44 ./Radio/radio_driver.o
                0x080066e4                SUBGRF_ReadCommand
 .text.SUBGRF_SetRfTxPower
                0x08006728       0x68 ./Radio/radio_driver.o
                0x08006728                SUBGRF_SetRfTxPower
 .text.HAL_SUBGHZ_TxCpltCallback
                0x08006790       0x1c ./Radio/radio_driver.o
                0x08006790                HAL_SUBGHZ_TxCpltCallback
 .text.HAL_SUBGHZ_RxCpltCallback
                0x080067ac       0x1c ./Radio/radio_driver.o
                0x080067ac                HAL_SUBGHZ_RxCpltCallback
 .text.HAL_SUBGHZ_CRCErrorCallback
                0x080067c8       0x1c ./Radio/radio_driver.o
                0x080067c8                HAL_SUBGHZ_CRCErrorCallback
 .text.HAL_SUBGHZ_CADStatusCallback
                0x080067e4       0x3c ./Radio/radio_driver.o
                0x080067e4                HAL_SUBGHZ_CADStatusCallback
 .text.HAL_SUBGHZ_RxTxTimeoutCallback
                0x08006820       0x20 ./Radio/radio_driver.o
                0x08006820                HAL_SUBGHZ_RxTxTimeoutCallback
 .text.HAL_SUBGHZ_HeaderErrorCallback
                0x08006840       0x1c ./Radio/radio_driver.o
                0x08006840                HAL_SUBGHZ_HeaderErrorCallback
 .text.HAL_SUBGHZ_PreambleDetectedCallback
                0x0800685c       0x1c ./Radio/radio_driver.o
                0x0800685c                HAL_SUBGHZ_PreambleDetectedCallback
 .text.HAL_SUBGHZ_SyncWordValidCallback
                0x08006878       0x1c ./Radio/radio_driver.o
                0x08006878                HAL_SUBGHZ_SyncWordValidCallback
 .text.HAL_SUBGHZ_HeaderValidCallback
                0x08006894       0x1c ./Radio/radio_driver.o
                0x08006894                HAL_SUBGHZ_HeaderValidCallback
 .text.HAL_SUBGHZ_LrFhssHopCallback
                0x080068b0       0x20 ./Radio/radio_driver.o
                0x080068b0                HAL_SUBGHZ_LrFhssHopCallback
 .text.Radio_SMPS_Set
                0x080068d0       0x42 ./Radio/radio_driver.o
 .text.__cvt    0x08006912       0xc8 /opt/st/stm32cubeide_1.19.0/plugins/com.st.stm32cube.ide.mcu.externaltools.gnu-tools-for-stm32.13.3.rel1.linux64_1.0.0.202410170706/tools/bin/../lib/gcc/arm-none-eabi/13.3.1/../../../../arm-none-eabi/lib/thumb/v7e-m/nofp/libc_nano.a(libc_a-nano-vfprintf_float.o)
                0x08006912                __cvt
 .text.__exponent
                0x080069da       0x74 /opt/st/stm32cubeide_1.19.0/plugins/com.st.stm32cube.ide.mcu.externaltools.gnu-tools-for-stm32.13.3.rel1.linux64_1.0.0.202410170706/tools/bin/../lib/gcc/arm-none-eabi/13.3.1/../../../../arm-none-eabi/lib/thumb/v7e-m/nofp/libc_nano.a(libc_a-nano-vfprintf_float.o)
                0x080069da                __exponent
 *fill*         0x08006a4e        0x2 
 .text._printf_float
                0x08006a50      0x458 /opt/st/stm32cubeide_1.19.0/plugins/com.st.stm32cube.ide.mcu.externaltools.gnu-tools-for-stm32.13.3.rel1.linux64_1.0.0.202410170706/tools/bin/../lib/gcc/arm-none-eabi/13.3.1/../../../../arm-none-eabi/lib/thumb/v7e-m/nofp/libc_nano.a(libc_a-nano-vfprintf_float.o)
                0x08006a50                _printf_float
 .text._printf_common
                0x08006ea8       0xda /opt/st/stm32cubeide_1.19.0/plugins/com.st.stm32cube.ide.mcu.externaltools.gnu-tools-for-stm32.13.3.rel1.linux64_1.0.0.202410170706/tools/bin/../lib/gcc/arm-none-eabi/13.3.1/../../../../arm-none-eabi/lib/thumb/v7e-m/nofp/libc_nano.a(libc_a-nano-vfprintf_i.o)
                0x08006ea8                _printf_common
 *fill*         0x08006f82        0x2 
 .text._printf_i
                0x08006f84      0x23c /opt/st/stm32cubeide_1.19.0/plugins/com.st.stm32cube.ide.mcu.externaltools.gnu-tools-for-stm32.13.3.rel1.linux64_1.0.0.202410170706/tools/bin/../lib/gcc/arm-none-eabi/13.3.1/../../../../arm-none-eabi/lib/thumb/v7e-m/nofp/libc_nano.a(libc_a-nano-vfprintf_i.o)
                0x08006f84                _printf_i
 .text._scanf_float
                0x080071c0      0x410 /opt/st/stm32cubeide_1.19.0/plugins/com.st.stm32cube.ide.mcu.externaltools.gnu-tools-for-stm32.13.3.rel1.linux64_1.0.0.202410170706/tools/bin/../lib/gcc/arm-none-eabi/13.3.1/../../../../arm-none-eabi/lib/thumb/v7e-m/nofp/libc_nano.a(libc_a-nano-vfscanf_float.o)
                0x080071c0                _scanf_float
 .text.std      0x080075d0       0x6c /opt/st/stm32cubeide_1.19.0/plugins/com.st.stm32cube.ide.mcu.externaltools.gnu-tools-for-stm32.13.3.rel1.linux64_1.0.0.202410170706/tools/bin/../lib/gcc/arm-none-eabi/13.3.1/../../../../arm-none-eabi/lib/thumb/v7e-m/nofp/libc_nano.a(libc_a-findfp.o)
 .text.stdio_exit_handler
                0x0800763c       0x18 /opt/st/stm32cubeide_1.19.0/plugins/com.st.stm32cube.ide.mcu.externaltools.gnu-tools-for-stm32.13.3.rel1.linux64_1.0.0.202410170706/tools/bin/../lib/gcc/arm-none-eabi/13.3.1/../../../../arm-none-eabi/lib/thumb/v7e-m/nofp/libc_nano.a(libc_a-findfp.o)
 .text.cleanup_stdio
                0x08007654       0x40 /opt/st/stm32cubeide_1.19.0/plugins/com.st.stm32cube.ide.mcu.externaltools.gnu-tools-for-stm32.13.3.rel1.linux64_1.0.0.202410170706/tools/bin/../lib/gcc/arm-none-eabi/13.3.1/../../../../arm-none-eabi/lib/thumb/v7e-m/nofp/libc_nano.a(libc_a-findfp.o)
 .text.global_stdio_init.part.0
                0x08007694       0x3c /opt/st/stm32cubeide_1.19.0/plugins/com.st.stm32cube.ide.mcu.externaltools.gnu-tools-for-stm32.13.3.rel1.linux64_1.0.0.202410170706/tools/bin/../lib/gcc/arm-none-eabi/13.3.1/../../../../arm-none-eabi/lib/thumb/v7e-m/nofp/libc_nano.a(libc_a-findfp.o)
 .text.__sfp_lock_acquire
                0x080076d0        0xc /opt/st/stm32cubeide_1.19.0/plugins/com.st.stm32cube.ide.mcu.externaltools.gnu-tools-for-stm32.13.3.rel1.linux64_1.0.0.202410170706/tools/bin/../lib/gcc/arm-none-eabi/13.3.1/../../../../arm-none-eabi/lib/thumb/v7e-m/nofp/libc_nano.a(libc_a-findfp.o)
                0x080076d0                __sfp_lock_acquire
 .text.__sfp_lock_release
                0x080076dc        0xc /opt/st/stm32cubeide_1.19.0/plugins/com.st.stm32cube.ide.mcu.externaltools.gnu-tools-for-stm32.13.3.rel1.linux64_1.0.0.202410170706/tools/bin/../lib/gcc/arm-none-eabi/13.3.1/../../../../arm-none-eabi/lib/thumb/v7e-m/nofp/libc_nano.a(libc_a-findfp.o)
                0x080076dc                __sfp_lock_release
 .text.__sinit  0x080076e8       0x30 /opt/st/stm32cubeide_1.19.0/plugins/com.st.stm32cube.ide.mcu.externaltools.gnu-tools-for-stm32.13.3.rel1.linux64_1.0.0.202410170706/tools/bin/../lib/gcc/arm-none-eabi/13.3.1/../../../../arm-none-eabi/lib/thumb/v7e-m/nofp/libc_nano.a(libc_a-findfp.o)
                0x080076e8                __sinit
 .text._fwalk_sglue
                0x08007718       0x3c /opt/st/stm32cubeide_1.19.0/plugins/com.st.stm32cube.ide.mcu.externaltools.gnu-tools-for-stm32.13.3.rel1.linux64_1.0.0.202410170706/tools/bin/../lib/gcc/arm-none-eabi/13.3.1/../../../../arm-none-eabi/lib/thumb/v7e-m/nofp/libc_nano.a(libc_a-fwalk.o)
                0x08007718                _fwalk_sglue
 .text._puts_r  0x08007754       0xaa /opt/st/stm32cubeide_1.19.0/plugins/com.st.stm32cube.ide.mcu.externaltools.gnu-tools-for-stm32.13.3.rel1.linux64_1.0.0.202410170706/tools/bin/../lib/gcc/arm-none-eabi/13.3.1/../../../../arm-none-eabi/lib/thumb/v7e-m/nofp/libc_nano.a(libc_a-puts.o)
                0x08007754                _puts_r
 *fill*         0x080077fe        0x2 
 .text.puts     0x08007800       0x10 /opt/st/stm32cubeide_1.19.0/plugins/com.st.stm32cube.ide.mcu.externaltools.gnu-tools-for-stm32.13.3.rel1.linux64_1.0.0.202410170706/tools/bin/../lib/gcc/arm-none-eabi/13.3.1/../../../../arm-none-eabi/lib/thumb/v7e-m/nofp/libc_nano.a(libc_a-puts.o)
                0x08007800                puts
 .text.sprintf  0x08007810       0x44 /opt/st/stm32cubeide_1.19.0/plugins/com.st.stm32cube.ide.mcu.externaltools.gnu-tools-for-stm32.13.3.rel1.linux64_1.0.0.202410170706/tools/bin/../lib/gcc/arm-none-eabi/13.3.1/../../../../arm-none-eabi/lib/thumb/v7e-m/nofp/libc_nano.a(libc_a-sprintf.o)
                0x08007810                sprintf
                0x08007810                siprintf
 .text.__sread  0x08007854       0x22 /opt/st/stm32cubeide_1.19.0/plugins/com.st.stm32cube.ide.mcu.externaltools.gnu-tools-for-stm32.13.3.rel1.linux64_1.0.0.202410170706/tools/bin/../lib/gcc/arm-none-eabi/13.3.1/../../../../arm-none-eabi/lib/thumb/v7e-m/nofp/libc_nano.a(libc_a-stdio.o)
                0x08007854                __sread
 .text.__swrite
                0x08007876       0x38 /opt/st/stm32cubeide_1.19.0/plugins/com.st.stm32cube.ide.mcu.externaltools.gnu-tools-for-stm32.13.3.rel1.linux64_1.0.0.202410170706/tools/bin/../lib/gcc/arm-none-eabi/13.3.1/../../../../arm-none-eabi/lib/thumb/v7e-m/nofp/libc_nano.a(libc_a-stdio.o)
                0x08007876                __swrite
 .text.__sseek  0x080078ae       0x24 /opt/st/stm32cubeide_1.19.0/plugins/com.st.stm32cube.ide.mcu.externaltools.gnu-tools-for-stm32.13.3.rel1.linux64_1.0.0.202410170706/tools/bin/../lib/gcc/arm-none-eabi/13.3.1/../../../../arm-none-eabi/lib/thumb/v7e-m/nofp/libc_nano.a(libc_a-stdio.o)
                0x080078ae                __sseek
 .text.__sclose
                0x080078d2        0x8 /opt/st/stm32cubeide_1.19.0/plugins/com.st.stm32cube.ide.mcu.externaltools.gnu-tools-for-stm32.13.3.rel1.linux64_1.0.0.202410170706/tools/bin/../lib/gcc/arm-none-eabi/13.3.1/../../../../arm-none-eabi/lib/thumb/v7e-m/nofp/libc_nano.a(libc_a-stdio.o)
                0x080078d2                __sclose
 .text.__swbuf_r
                0x080078da       0x7c /opt/st/stm32cubeide_1.19.0/plugins/com.st.stm32cube.ide.mcu.externaltools.gnu-tools-for-stm32.13.3.rel1.linux64_1.0.0.202410170706/tools/bin/../lib/gcc/arm-none-eabi/13.3.1/../../../../arm-none-eabi/lib/thumb/v7e-m/nofp/libc_nano.a(libc_a-wbuf.o)
                0x080078da                __swbuf_r
 *fill*         0x08007956        0x2 
 .text.__swsetup_r
                0x08007958       0xac /opt/st/stm32cubeide_1.19.0/plugins/com.st.stm32cube.ide.mcu.externaltools.gnu-tools-for-stm32.13.3.rel1.linux64_1.0.0.202410170706/tools/bin/../lib/gcc/arm-none-eabi/13.3.1/../../../../arm-none-eabi/lib/thumb/v7e-m/nofp/libc_nano.a(libc_a-wsetup.o)
                0x08007958                __swsetup_r
 .text.memset   0x08007a04       0x10 /opt/st/stm32cubeide_1.19.0/plugins/com.st.stm32cube.ide.mcu.externaltools.gnu-tools-for-stm32.13.3.rel1.linux64_1.0.0.202410170706/tools/bin/../lib/gcc/arm-none-eabi/13.3.1/../../../../arm-none-eabi/lib/thumb/v7e-m/nofp/libc_nano.a(libc_a-memset.o)
                0x08007a04                memset
 .text._localeconv_r
                0x08007a14        0x8 /opt/st/stm32cubeide_1.19.0/plugins/com.st.stm32cube.ide.mcu.externaltools.gnu-tools-for-stm32.13.3.rel1.linux64_1.0.0.202410170706/tools/bin/../lib/gcc/arm-none-eabi/13.3.1/../../../../arm-none-eabi/lib/thumb/v7e-m/nofp/libc_nano.a(libc_a-localeconv.o)
                0x08007a14                _localeconv_r
 .text._close_r
                0x08007a1c       0x20 /opt/st/stm32cubeide_1.19.0/plugins/com.st.stm32cube.ide.mcu.externaltools.gnu-tools-for-stm32.13.3.rel1.linux64_1.0.0.202410170706/tools/bin/../lib/gcc/arm-none-eabi/13.3.1/../../../../arm-none-eabi/lib/thumb/v7e-m/nofp/libc_nano.a(libc_a-closer.o)
                0x08007a1c                _close_r
 .text._lseek_r
                0x08007a3c       0x24 /opt/st/stm32cubeide_1.19.0/plugins/com.st.stm32cube.ide.mcu.externaltools.gnu-tools-for-stm32.13.3.rel1.linux64_1.0.0.202410170706/tools/bin/../lib/gcc/arm-none-eabi/13.3.1/../../../../arm-none-eabi/lib/thumb/v7e-m/nofp/libc_nano.a(libc_a-lseekr.o)
                0x08007a3c                _lseek_r
 .text._read_r  0x08007a60       0x24 /opt/st/stm32cubeide_1.19.0/plugins/com.st.stm32cube.ide.mcu.externaltools.gnu-tools-for-stm32.13.3.rel1.linux64_1.0.0.202410170706/tools/bin/../lib/gcc/arm-none-eabi/13.3.1/../../../../arm-none-eabi/lib/thumb/v7e-m/nofp/libc_nano.a(libc_a-readr.o)
                0x08007a60                _read_r
 .text._write_r
                0x08007a84       0x24 /opt/st/stm32cubeide_1.19.0/plugins/com.st.stm32cube.ide.mcu.externaltools.gnu-tools-for-stm32.13.3.rel1.linux64_1.0.0.202410170706/tools/bin/../lib/gcc/arm-none-eabi/13.3.1/../../../../arm-none-eabi/lib/thumb/v7e-m/nofp/libc_nano.a(libc_a-writer.o)
                0x08007a84                _write_r
 .text.__errno  0x08007aa8        0xc /opt/st/stm32cubeide_1.19.0/plugins/com.st.stm32cube.ide.mcu.externaltools.gnu-tools-for-stm32.13.3.rel1.linux64_1.0.0.202410170706/tools/bin/../lib/gcc/arm-none-eabi/13.3.1/../../../../arm-none-eabi/lib/thumb/v7e-m/nofp/libc_nano.a(libc_a-errno.o)
                0x08007aa8                __errno
 .text.__libc_init_array
                0x08007ab4       0x48 /opt/st/stm32cubeide_1.19.0/plugins/com.st.stm32cube.ide.mcu.externaltools.gnu-tools-for-stm32.13.3.rel1.linux64_1.0.0.202410170706/tools/bin/../lib/gcc/arm-none-eabi/13.3.1/../../../../arm-none-eabi/lib/thumb/v7e-m/nofp/libc_nano.a(libc_a-init.o)
                0x08007ab4                __libc_init_array
 .text.__retarget_lock_init_recursive
                0x08007afc        0x2 /opt/st/stm32cubeide_1.19.0/plugins/com.st.stm32cube.ide.mcu.externaltools.gnu-tools-for-stm32.13.3.rel1.linux64_1.0.0.202410170706/tools/bin/../lib/gcc/arm-none-eabi/13.3.1/../../../../arm-none-eabi/lib/thumb/v7e-m/nofp/libc_nano.a(libc_a-lock.o)
                0x08007afc                __retarget_lock_init_recursive
 .text.__retarget_lock_acquire_recursive
                0x08007afe        0x2 /opt/st/stm32cubeide_1.19.0/plugins/com.st.stm32cube.ide.mcu.externaltools.gnu-tools-for-stm32.13.3.rel1.linux64_1.0.0.202410170706/tools/bin/../lib/gcc/arm-none-eabi/13.3.1/../../../../arm-none-eabi/lib/thumb/v7e-m/nofp/libc_nano.a(libc_a-lock.o)
                0x08007afe                __retarget_lock_acquire_recursive
 .text.__retarget_lock_release_recursive
                0x08007b00        0x2 /opt/st/stm32cubeide_1.19.0/plugins/com.st.stm32cube.ide.mcu.externaltools.gnu-tools-for-stm32.13.3.rel1.linux64_1.0.0.202410170706/tools/bin/../lib/gcc/arm-none-eabi/13.3.1/../../../../arm-none-eabi/lib/thumb/v7e-m/nofp/libc_nano.a(libc_a-lock.o)
                0x08007b00                __retarget_lock_release_recursive
 *fill*         0x08007b02        0x2 
 .text.nanf     0x08007b04        0x8 /opt/st/stm32cubeide_1.19.0/plugins/com.st.stm32cube.ide.mcu.externaltools.gnu-tools-for-stm32.13.3.rel1.linux64_1.0.0.202410170706/tools/bin/../lib/gcc/arm-none-eabi/13.3.1/../../../../arm-none-eabi/lib/thumb/v7e-m/nofp/libc_nano.a(libm_a-sf_nan.o)
                0x08007b04                nanf
 .text.quorem   0x08007b0c      0x110 /opt/st/stm32cubeide_1.19.0/plugins/com.st.stm32cube.ide.mcu.externaltools.gnu-tools-for-stm32.13.3.rel1.linux64_1.0.0.202410170706/tools/bin/../lib/gcc/arm-none-eabi/13.3.1/../../../../arm-none-eabi/lib/thumb/v7e-m/nofp/libc_nano.a(libc_a-dtoa.o)
 *fill*         0x08007c1c        0x4 
 .text._dtoa_r  0x08007c20      0xba0 /opt/st/stm32cubeide_1.19.0/plugins/com.st.stm32cube.ide.mcu.externaltools.gnu-tools-for-stm32.13.3.rel1.linux64_1.0.0.202410170706/tools/bin/../lib/gcc/arm-none-eabi/13.3.1/../../../../arm-none-eabi/lib/thumb/v7e-m/nofp/libc_nano.a(libc_a-dtoa.o)
                0x08007c20                _dtoa_r
 .text._free_r  0x080087c0       0x94 /opt/st/stm32cubeide_1.19.0/plugins/com.st.stm32cube.ide.mcu.externaltools.gnu-tools-for-stm32.13.3.rel1.linux64_1.0.0.202410170706/tools/bin/../lib/gcc/arm-none-eabi/13.3.1/../../../../arm-none-eabi/lib/thumb/v7e-m/nofp/libc_nano.a(libc_a-freer.o)
                0x080087c0                _free_r
 .text.malloc   0x08008854       0x10 /opt/st/stm32cubeide_1.19.0/plugins/com.st.stm32cube.ide.mcu.externaltools.gnu-tools-for-stm32.13.3.rel1.linux64_1.0.0.202410170706/tools/bin/../lib/gcc/arm-none-eabi/13.3.1/../../../../arm-none-eabi/lib/thumb/v7e-m/nofp/libc_nano.a(libc_a-malloc.o)
                0x08008854                malloc
 .text.sbrk_aligned
                0x08008864       0x44 /opt/st/stm32cubeide_1.19.0/plugins/com.st.stm32cube.ide.mcu.externaltools.gnu-tools-for-stm32.13.3.rel1.linux64_1.0.0.202410170706/tools/bin/../lib/gcc/arm-none-eabi/13.3.1/../../../../arm-none-eabi/lib/thumb/v7e-m/nofp/libc_nano.a(libc_a-mallocr.o)
 .text._malloc_r
                0x080088a8      0x100 /opt/st/stm32cubeide_1.19.0/plugins/com.st.stm32cube.ide.mcu.externaltools.gnu-tools-for-stm32.13.3.rel1.linux64_1.0.0.202410170706/tools/bin/../lib/gcc/arm-none-eabi/13.3.1/../../../../arm-none-eabi/lib/thumb/v7e-m/nofp/libc_nano.a(libc_a-mallocr.o)
                0x080088a8                _malloc_r
 .text.__malloc_lock
                0x080089a8        0xc /opt/st/stm32cubeide_1.19.0/plugins/com.st.stm32cube.ide.mcu.externaltools.gnu-tools-for-stm32.13.3.rel1.linux64_1.0.0.202410170706/tools/bin/../lib/gcc/arm-none-eabi/13.3.1/../../../../arm-none-eabi/lib/thumb/v7e-m/nofp/libc_nano.a(libc_a-mlock.o)
                0x080089a8                __malloc_lock
 .text.__malloc_unlock
                0x080089b4        0xc /opt/st/stm32cubeide_1.19.0/plugins/com.st.stm32cube.ide.mcu.externaltools.gnu-tools-for-stm32.13.3.rel1.linux64_1.0.0.202410170706/tools/bin/../lib/gcc/arm-none-eabi/13.3.1/../../../../arm-none-eabi/lib/thumb/v7e-m/nofp/libc_nano.a(libc_a-mlock.o)
                0x080089b4                __malloc_unlock
 .text._Balloc  0x080089c0       0x80 /opt/st/stm32cubeide_1.19.0/plugins/com.st.stm32cube.ide.mcu.externaltools.gnu-tools-for-stm32.13.3.rel1.linux64_1.0.0.202410170706/tools/bin/../lib/gcc/arm-none-eabi/13.3.1/../../../../arm-none-eabi/lib/thumb/v7e-m/nofp/libc_nano.a(libc_a-mprec.o)
                0x080089c0                _Balloc
 .text._Bfree   0x08008a40       0x44 /opt/st/stm32cubeide_1.19.0/plugins/com.st.stm32cube.ide.mcu.externaltools.gnu-tools-for-stm32.13.3.rel1.linux64_1.0.0.202410170706/tools/bin/../lib/gcc/arm-none-eabi/13.3.1/../../../../arm-none-eabi/lib/thumb/v7e-m/nofp/libc_nano.a(libc_a-mprec.o)
                0x08008a40                _Bfree
 .text.__multadd
                0x08008a84       0x8c /opt/st/stm32cubeide_1.19.0/plugins/com.st.stm32cube.ide.mcu.externaltools.gnu-tools-for-stm32.13.3.rel1.linux64_1.0.0.202410170706/tools/bin/../lib/gcc/arm-none-eabi/13.3.1/../../../../arm-none-eabi/lib/thumb/v7e-m/nofp/libc_nano.a(libc_a-mprec.o)
                0x08008a84                __multadd
 .text.__s2b    0x08008b10       0x94 /opt/st/stm32cubeide_1.19.0/plugins/com.st.stm32cube.ide.mcu.externaltools.gnu-tools-for-stm32.13.3.rel1.linux64_1.0.0.202410170706/tools/bin/../lib/gcc/arm-none-eabi/13.3.1/../../../../arm-none-eabi/lib/thumb/v7e-m/nofp/libc_nano.a(libc_a-mprec.o)
                0x08008b10                __s2b
 .text.__hi0bits
                0x08008ba4       0x3e /opt/st/stm32cubeide_1.19.0/plugins/com.st.stm32cube.ide.mcu.externaltools.gnu-tools-for-stm32.13.3.rel1.linux64_1.0.0.202410170706/tools/bin/../lib/gcc/arm-none-eabi/13.3.1/../../../../arm-none-eabi/lib/thumb/v7e-m/nofp/libc_nano.a(libc_a-mprec.o)
                0x08008ba4                __hi0bits
 .text.__lo0bits
                0x08008be2       0x5a /opt/st/stm32cubeide_1.19.0/plugins/com.st.stm32cube.ide.mcu.externaltools.gnu-tools-for-stm32.13.3.rel1.linux64_1.0.0.202410170706/tools/bin/../lib/gcc/arm-none-eabi/13.3.1/../../../../arm-none-eabi/lib/thumb/v7e-m/nofp/libc_nano.a(libc_a-mprec.o)
                0x08008be2                __lo0bits
 .text.__i2b    0x08008c3c       0x2c /opt/st/stm32cubeide_1.19.0/plugins/com.st.stm32cube.ide.mcu.externaltools.gnu-tools-for-stm32.13.3.rel1.linux64_1.0.0.202410170706/tools/bin/../lib/gcc/arm-none-eabi/13.3.1/../../../../arm-none-eabi/lib/thumb/v7e-m/nofp/libc_nano.a(libc_a-mprec.o)
                0x08008c3c                __i2b
 .text.__multiply
                0x08008c68      0x144 /opt/st/stm32cubeide_1.19.0/plugins/com.st.stm32cube.ide.mcu.externaltools.gnu-tools-for-stm32.13.3.rel1.linux64_1.0.0.202410170706/tools/bin/../lib/gcc/arm-none-eabi/13.3.1/../../../../arm-none-eabi/lib/thumb/v7e-m/nofp/libc_nano.a(libc_a-mprec.o)
                0x08008c68                __multiply
 .text.__pow5mult
                0x08008dac       0xb4 /opt/st/stm32cubeide_1.19.0/plugins/com.st.stm32cube.ide.mcu.externaltools.gnu-tools-for-stm32.13.3.rel1.linux64_1.0.0.202410170706/tools/bin/../lib/gcc/arm-none-eabi/13.3.1/../../../../arm-none-eabi/lib/thumb/v7e-m/nofp/libc_nano.a(libc_a-mprec.o)
                0x08008dac                __pow5mult
 .text.__lshift
                0x08008e60       0xd8 /opt/st/stm32cubeide_1.19.0/plugins/com.st.stm32cube.ide.mcu.externaltools.gnu-tools-for-stm32.13.3.rel1.linux64_1.0.0.202410170706/tools/bin/../lib/gcc/arm-none-eabi/13.3.1/../../../../arm-none-eabi/lib/thumb/v7e-m/nofp/libc_nano.a(libc_a-mprec.o)
                0x08008e60                __lshift
 .text.__mcmp   0x08008f38       0x36 /opt/st/stm32cubeide_1.19.0/plugins/com.st.stm32cube.ide.mcu.externaltools.gnu-tools-for-stm32.13.3.rel1.linux64_1.0.0.202410170706/tools/bin/../lib/gcc/arm-none-eabi/13.3.1/../../../../arm-none-eabi/lib/thumb/v7e-m/nofp/libc_nano.a(libc_a-mprec.o)
                0x08008f38                __mcmp
 *fill*         0x08008f6e        0x2 
 .text.__mdiff  0x08008f70      0x124 /opt/st/stm32cubeide_1.19.0/plugins/com.st.stm32cube.ide.mcu.externaltools.gnu-tools-for-stm32.13.3.rel1.linux64_1.0.0.202410170706/tools/bin/../lib/gcc/arm-none-eabi/13.3.1/../../../../arm-none-eabi/lib/thumb/v7e-m/nofp/libc_nano.a(libc_a-mprec.o)
                0x08008f70                __mdiff
 .text.__ulp    0x08009094       0x40 /opt/st/stm32cubeide_1.19.0/plugins/com.st.stm32cube.ide.mcu.externaltools.gnu-tools-for-stm32.13.3.rel1.linux64_1.0.0.202410170706/tools/bin/../lib/gcc/arm-none-eabi/13.3.1/../../../../arm-none-eabi/lib/thumb/v7e-m/nofp/libc_nano.a(libc_a-mprec.o)
                0x08009094                __ulp
 .text.__b2d    0x080090d4       0x94 /opt/st/stm32cubeide_1.19.0/plugins/com.st.stm32cube.ide.mcu.externaltools.gnu-tools-for-stm32.13.3.rel1.linux64_1.0.0.202410170706/tools/bin/../lib/gcc/arm-none-eabi/13.3.1/../../../../arm-none-eabi/lib/thumb/v7e-m/nofp/libc_nano.a(libc_a-mprec.o)
                0x080090d4                __b2d
 .text.__d2b    0x08009168       0xb0 /opt/st/stm32cubeide_1.19.0/plugins/com.st.stm32cube.ide.mcu.externaltools.gnu-tools-for-stm32.13.3.rel1.linux64_1.0.0.202410170706/tools/bin/../lib/gcc/arm-none-eabi/13.3.1/../../../../arm-none-eabi/lib/thumb/v7e-m/nofp/libc_nano.a(libc_a-mprec.o)
                0x08009168                __d2b
 .text.__ratio  0x08009218       0x60 /opt/st/stm32cubeide_1.19.0/plugins/com.st.stm32cube.ide.mcu.externaltools.gnu-tools-for-stm32.13.3.rel1.linux64_1.0.0.202410170706/tools/bin/../lib/gcc/arm-none-eabi/13.3.1/../../../../arm-none-eabi/lib/thumb/v7e-m/nofp/libc_nano.a(libc_a-mprec.o)
                0x08009218                __ratio
 .text.__copybits
                0x08009278       0x46 /opt/st/stm32cubeide_1.19.0/plugins/com.st.stm32cube.ide.mcu.externaltools.gnu-tools-for-stm32.13.3.rel1.linux64_1.0.0.202410170706/tools/bin/../lib/gcc/arm-none-eabi/13.3.1/../../../../arm-none-eabi/lib/thumb/v7e-m/nofp/libc_nano.a(libc_a-mprec.o)
                0x08009278                __copybits
 .text.__any_on
                0x080092be       0x42 /opt/st/stm32cubeide_1.19.0/plugins/com.st.stm32cube.ide.mcu.externaltools.gnu-tools-for-stm32.13.3.rel1.linux64_1.0.0.202410170706/tools/bin/../lib/gcc/arm-none-eabi/13.3.1/../../../../arm-none-eabi/lib/thumb/v7e-m/nofp/libc_nano.a(libc_a-mprec.o)
                0x080092be                __any_on
 .text.sulp     0x08009300       0x42 /opt/st/stm32cubeide_1.19.0/plugins/com.st.stm32cube.ide.mcu.externaltools.gnu-tools-for-stm32.13.3.rel1.linux64_1.0.0.202410170706/tools/bin/../lib/gcc/arm-none-eabi/13.3.1/../../../../arm-none-eabi/lib/thumb/v7e-m/nofp/libc_nano.a(libc_a-strtod.o)
 *fill*         0x08009342        0x6 
 .text._strtod_l
                0x08009348      0xba8 /opt/st/stm32cubeide_1.19.0/plugins/com.st.stm32cube.ide.mcu.externaltools.gnu-tools-for-stm32.13.3.rel1.linux64_1.0.0.202410170706/tools/bin/../lib/gcc/arm-none-eabi/13.3.1/../../../../arm-none-eabi/lib/thumb/v7e-m/nofp/libc_nano.a(libc_a-strtod.o)
                0x08009348                _strtod_l
 .text._strtod_r
                0x08009ef0        0xc /opt/st/stm32cubeide_1.19.0/plugins/com.st.stm32cube.ide.mcu.externaltools.gnu-tools-for-stm32.13.3.rel1.linux64_1.0.0.202410170706/tools/bin/../lib/gcc/arm-none-eabi/13.3.1/../../../../arm-none-eabi/lib/thumb/v7e-m/nofp/libc_nano.a(libc_a-strtod.o)
                0x08009ef0                _strtod_r
 .text._strtol_l.isra.0
                0x08009efc       0xf4 /opt/st/stm32cubeide_1.19.0/plugins/com.st.stm32cube.ide.mcu.externaltools.gnu-tools-for-stm32.13.3.rel1.linux64_1.0.0.202410170706/tools/bin/../lib/gcc/arm-none-eabi/13.3.1/../../../../arm-none-eabi/lib/thumb/v7e-m/nofp/libc_nano.a(libc_a-strtol.o)
 .text._strtol_r
                0x08009ff0        0x4 /opt/st/stm32cubeide_1.19.0/plugins/com.st.stm32cube.ide.mcu.externaltools.gnu-tools-for-stm32.13.3.rel1.linux64_1.0.0.202410170706/tools/bin/../lib/gcc/arm-none-eabi/13.3.1/../../../../arm-none-eabi/lib/thumb/v7e-m/nofp/libc_nano.a(libc_a-strtol.o)
                0x08009ff0                _strtol_r
 .text.__ssputs_r
                0x08009ff4       0xb6 /opt/st/stm32cubeide_1.19.0/plugins/com.st.stm32cube.ide.mcu.externaltools.gnu-tools-for-stm32.13.3.rel1.linux64_1.0.0.202410170706/tools/bin/../lib/gcc/arm-none-eabi/13.3.1/../../../../arm-none-eabi/lib/thumb/v7e-m/nofp/libc_nano.a(libc_a-nano-svfprintf.o)
                0x08009ff4                __ssputs_r
 *fill*         0x0800a0aa        0x2 
 .text._svfprintf_r
                0x0800a0ac      0x1f8 /opt/st/stm32cubeide_1.19.0/plugins/com.st.stm32cube.ide.mcu.externaltools.gnu-tools-for-stm32.13.3.rel1.linux64_1.0.0.202410170706/tools/bin/../lib/gcc/arm-none-eabi/13.3.1/../../../../arm-none-eabi/lib/thumb/v7e-m/nofp/libc_nano.a(libc_a-nano-svfprintf.o)
                0x0800a0ac                _svfprintf_r
                0x0800a0ac                _svfiprintf_r
 .text.__sfputc_r
                0x0800a2a4       0x2a /opt/st/stm32cubeide_1.19.0/plugins/com.st.stm32cube.ide.mcu.externaltools.gnu-tools-for-stm32.13.3.rel1.linux64_1.0.0.202410170706/tools/bin/../lib/gcc/arm-none-eabi/13.3.1/../../../../arm-none-eabi/lib/thumb/v7e-m/nofp/libc_nano.a(libc_a-nano-vfprintf.o)
 .text.__sfputs_r
                0x0800a2ce       0x24 /opt/st/stm32cubeide_1.19.0/plugins/com.st.stm32cube.ide.mcu.externaltools.gnu-tools-for-stm32.13.3.rel1.linux64_1.0.0.202410170706/tools/bin/../lib/gcc/arm-none-eabi/13.3.1/../../../../arm-none-eabi/lib/thumb/v7e-m/nofp/libc_nano.a(libc_a-nano-vfprintf.o)
                0x0800a2ce                __sfputs_r
 *fill*         0x0800a2f2        0x2 
 .text._vfprintf_r
                0x0800a2f4      0x230 /opt/st/stm32cubeide_1.19.0/plugins/com.st.stm32cube.ide.mcu.externaltools.gnu-tools-for-stm32.13.3.rel1.linux64_1.0.0.202410170706/tools/bin/../lib/gcc/arm-none-eabi/13.3.1/../../../../arm-none-eabi/lib/thumb/v7e-m/nofp/libc_nano.a(libc_a-nano-vfprintf.o)
                0x0800a2f4                _vfiprintf_r
                0x0800a2f4                _vfprintf_r
 .text.__sflush_r
                0x0800a524      0x100 /opt/st/stm32cubeide_1.19.0/plugins/com.st.stm32cube.ide.mcu.externaltools.gnu-tools-for-stm32.13.3.rel1.linux64_1.0.0.202410170706/tools/bin/../lib/gcc/arm-none-eabi/13.3.1/../../../../arm-none-eabi/lib/thumb/v7e-m/nofp/libc_nano.a(libc_a-fflush.o)
                0x0800a524                __sflush_r
 .text._fflush_r
                0x0800a624       0x50 /opt/st/stm32cubeide_1.19.0/plugins/com.st.stm32cube.ide.mcu.externaltools.gnu-tools-for-stm32.13.3.rel1.linux64_1.0.0.202410170706/tools/bin/../lib/gcc/arm-none-eabi/13.3.1/../../../../arm-none-eabi/lib/thumb/v7e-m/nofp/libc_nano.a(libc_a-fflush.o)
                0x0800a624                _fflush_r
 .text.__swhatbuf_r
                0x0800a674       0x4c /opt/st/stm32cubeide_1.19.0/plugins/com.st.stm32cube.ide.mcu.externaltools.gnu-tools-for-stm32.13.3.rel1.linux64_1.0.0.202410170706/tools/bin/../lib/gcc/arm-none-eabi/13.3.1/../../../../arm-none-eabi/lib/thumb/v7e-m/nofp/libc_nano.a(libc_a-makebuf.o)
                0x0800a674                __swhatbuf_r
 .text.__smakebuf_r
                0x0800a6c0       0x78 /opt/st/stm32cubeide_1.19.0/plugins/com.st.stm32cube.ide.mcu.externaltools.gnu-tools-for-stm32.13.3.rel1.linux64_1.0.0.202410170706/tools/bin/../lib/gcc/arm-none-eabi/13.3.1/../../../../arm-none-eabi/lib/thumb/v7e-m/nofp/libc_nano.a(libc_a-makebuf.o)
                0x0800a6c0                __smakebuf_r
 .text.memmove  0x0800a738       0x34 /opt/st/stm32cubeide_1.19.0/plugins/com.st.stm32cube.ide.mcu.externaltools.gnu-tools-for-stm32.13.3.rel1.linux64_1.0.0.202410170706/tools/bin/../lib/gcc/arm-none-eabi/13.3.1/../../../../arm-none-eabi/lib/thumb/v7e-m/nofp/libc_nano.a(libc_a-memmove.o)
                0x0800a738                memmove
 .text.strncmp  0x0800a76c       0x24 /opt/st/stm32cubeide_1.19.0/plugins/com.st.stm32cube.ide.mcu.externaltools.gnu-tools-for-stm32.13.3.rel1.linux64_1.0.0.202410170706/tools/bin/../lib/gcc/arm-none-eabi/13.3.1/../../../../arm-none-eabi/lib/thumb/v7e-m/nofp/libc_nano.a(libc_a-strncmp.o)
                0x0800a76c                strncmp
 .text._fstat_r
                0x0800a790       0x24 /opt/st/stm32cubeide_1.19.0/plugins/com.st.stm32cube.ide.mcu.externaltools.gnu-tools-for-stm32.13.3.rel1.linux64_1.0.0.202410170706/tools/bin/../lib/gcc/arm-none-eabi/13.3.1/../../../../arm-none-eabi/lib/thumb/v7e-m/nofp/libc_nano.a(libc_a-fstatr.o)
                0x0800a790                _fstat_r
 .text._isatty_r
                0x0800a7b4       0x20 /opt/st/stm32cubeide_1.19.0/plugins/com.st.stm32cube.ide.mcu.externaltools.gnu-tools-for-stm32.13.3.rel1.linux64_1.0.0.202410170706/tools/bin/../lib/gcc/arm-none-eabi/13.3.1/../../../../arm-none-eabi/lib/thumb/v7e-m/nofp/libc_nano.a(libc_a-isattyr.o)
                0x0800a7b4                _isatty_r
 .text._sbrk_r  0x0800a7d4       0x20 /opt/st/stm32cubeide_1.19.0/plugins/com.st.stm32cube.ide.mcu.externaltools.gnu-tools-for-stm32.13.3.rel1.linux64_1.0.0.202410170706/tools/bin/../lib/gcc/arm-none-eabi/13.3.1/../../../../arm-none-eabi/lib/thumb/v7e-m/nofp/libc_nano.a(libc_a-sbrkr.o)
                0x0800a7d4                _sbrk_r
 .text.memcpy   0x0800a7f4       0x1c /opt/st/stm32cubeide_1.19.0/plugins/com.st.stm32cube.ide.mcu.externaltools.gnu-tools-for-stm32.13.3.rel1.linux64_1.0.0.202410170706/tools/bin/../lib/gcc/arm-none-eabi/13.3.1/../../../../arm-none-eabi/lib/thumb/v7e-m/nofp/libc_nano.a(libc_a-memcpy-stub.o)
                0x0800a7f4                memcpy
 .text.nan      0x0800a810        0xc /opt/st/stm32cubeide_1.19.0/plugins/com.st.stm32cube.ide.mcu.externaltools.gnu-tools-for-stm32.13.3.rel1.linux64_1.0.0.202410170706/tools/bin/../lib/gcc/arm-none-eabi/13.3.1/../../../../arm-none-eabi/lib/thumb/v7e-m/nofp/libc_nano.a(libm_a-s_nan.o)
                0x0800a810                nan
 .text.__assert_func
                0x0800a81c       0x3c /opt/st/stm32cubeide_1.19.0/plugins/com.st.stm32cube.ide.mcu.externaltools.gnu-tools-for-stm32.13.3.rel1.linux64_1.0.0.202410170706/tools/bin/../lib/gcc/arm-none-eabi/13.3.1/../../../../arm-none-eabi/lib/thumb/v7e-m/nofp/libc_nano.a(libc_a-assert.o)
                0x0800a81c                __assert_func
 .text._calloc_r
                0x0800a858       0x28 /opt/st/stm32cubeide_1.19.0/plugins/com.st.stm32cube.ide.mcu.externaltools.gnu-tools-for-stm32.13.3.rel1.linux64_1.0.0.202410170706/tools/bin/../lib/gcc/arm-none-eabi/13.3.1/../../../../arm-none-eabi/lib/thumb/v7e-m/nofp/libc_nano.a(libc_a-callocr.o)
                0x0800a858                _calloc_r
 .text.rshift   0x0800a880       0xa4 /opt/st/stm32cubeide_1.19.0/plugins/com.st.stm32cube.ide.mcu.externaltools.gnu-tools-for-stm32.13.3.rel1.linux64_1.0.0.202410170706/tools/bin/../lib/gcc/arm-none-eabi/13.3.1/../../../../arm-none-eabi/lib/thumb/v7e-m/nofp/libc_nano.a(libc_a-gdtoa-gethex.o)
 .text.__hexdig_fun
                0x0800a924       0x2a /opt/st/stm32cubeide_1.19.0/plugins/com.st.stm32cube.ide.mcu.externaltools.gnu-tools-for-stm32.13.3.rel1.linux64_1.0.0.202410170706/tools/bin/../lib/gcc/arm-none-eabi/13.3.1/../../../../arm-none-eabi/lib/thumb/v7e-m/nofp/libc_nano.a(libc_a-gdtoa-gethex.o)
                0x0800a924                __hexdig_fun
 *fill*         0x0800a94e        0x2 
 .text.__gethex
                0x0800a950      0x420 /opt/st/stm32cubeide_1.19.0/plugins/com.st.stm32cube.ide.mcu.externaltools.gnu-tools-for-stm32.13.3.rel1.linux64_1.0.0.202410170706/tools/bin/../lib/gcc/arm-none-eabi/13.3.1/../../../../arm-none-eabi/lib/thumb/v7e-m/nofp/libc_nano.a(libc_a-gdtoa-gethex.o)
                0x0800a950                __gethex
 .text.L_shift  0x0800ad70       0x24 /opt/st/stm32cubeide_1.19.0/plugins/com.st.stm32cube.ide.mcu.externaltools.gnu-tools-for-stm32.13.3.rel1.linux64_1.0.0.202410170706/tools/bin/../lib/gcc/arm-none-eabi/13.3.1/../../../../arm-none-eabi/lib/thumb/v7e-m/nofp/libc_nano.a(libc_a-gdtoa-hexnan.o)
 .text.__match  0x0800ad94       0x28 /opt/st/stm32cubeide_1.19.0/plugins/com.st.stm32cube.ide.mcu.externaltools.gnu-tools-for-stm32.13.3.rel1.linux64_1.0.0.202410170706/tools/bin/../lib/gcc/arm-none-eabi/13.3.1/../../../../arm-none-eabi/lib/thumb/v7e-m/nofp/libc_nano.a(libc_a-gdtoa-hexnan.o)
                0x0800ad94                __match
 .text.__hexnan
                0x0800adbc      0x136 /opt/st/stm32cubeide_1.19.0/plugins/com.st.stm32cube.ide.mcu.externaltools.gnu-tools-for-stm32.13.3.rel1.linux64_1.0.0.202410170706/tools/bin/../lib/gcc/arm-none-eabi/13.3.1/../../../../arm-none-eabi/lib/thumb/v7e-m/nofp/libc_nano.a(libc_a-gdtoa-hexnan.o)
                0x0800adbc                __hexnan
 .text.__ascii_mbtowc
                0x0800aef2       0x24 /opt/st/stm32cubeide_1.19.0/plugins/com.st.stm32cube.ide.mcu.externaltools.gnu-tools-for-stm32.13.3.rel1.linux64_1.0.0.202410170706/tools/bin/../lib/gcc/arm-none-eabi/13.3.1/../../../../arm-none-eabi/lib/thumb/v7e-m/nofp/libc_nano.a(libc_a-mbtowc_r.o)
                0x0800aef2                __ascii_mbtowc
 .text._realloc_r
                0x0800af16       0x5c /opt/st/stm32cubeide_1.19.0/plugins/com.st.stm32cube.ide.mcu.externaltools.gnu-tools-for-stm32.13.3.rel1.linux64_1.0.0.202410170706/tools/bin/../lib/gcc/arm-none-eabi/13.3.1/../../../../arm-none-eabi/lib/thumb/v7e-m/nofp/libc_nano.a(libc_a-reallocr.o)
                0x0800af16                _realloc_r
 .text.__ascii_wctomb
                0x0800af72       0x1a /opt/st/stm32cubeide_1.19.0/plugins/com.st.stm32cube.ide.mcu.externaltools.gnu-tools-for-stm32.13.3.rel1.linux64_1.0.0.202410170706/tools/bin/../lib/gcc/arm-none-eabi/13.3.1/../../../../arm-none-eabi/lib/thumb/v7e-m/nofp/libc_nano.a(libc_a-wctomb_r.o)
                0x0800af72                __ascii_wctomb
 .text.fprintf  0x0800af8c       0x24 /opt/st/stm32cubeide_1.19.0/plugins/com.st.stm32cube.ide.mcu.externaltools.gnu-tools-for-stm32.13.3.rel1.linux64_1.0.0.202410170706/tools/bin/../lib/gcc/arm-none-eabi/13.3.1/../../../../arm-none-eabi/lib/thumb/v7e-m/nofp/libc_nano.a(libc_a-fprintf.o)
                0x0800af8c                fprintf
                0x0800af8c                fiprintf
 .text.abort    0x0800afb0        0xe /opt/st/stm32cubeide_1.19.0/plugins/com.st.stm32cube.ide.mcu.externaltools.gnu-tools-for-stm32.13.3.rel1.linux64_1.0.0.202410170706/tools/bin/../lib/gcc/arm-none-eabi/13.3.1/../../../../arm-none-eabi/lib/thumb/v7e-m/nofp/libc_nano.a(libc_a-abort.o)
                0x0800afb0                abort
 .text._malloc_usable_size_r
                0x0800afbe       0x10 /opt/st/stm32cubeide_1.19.0/plugins/com.st.stm32cube.ide.mcu.externaltools.gnu-tools-for-stm32.13.3.rel1.linux64_1.0.0.202410170706/tools/bin/../lib/gcc/arm-none-eabi/13.3.1/../../../../arm-none-eabi/lib/thumb/v7e-m/nofp/libc_nano.a(libc_a-msizer.o)
                0x0800afbe                _malloc_usable_size_r
 .text._raise_r
                0x0800afce       0x50 /opt/st/stm32cubeide_1.19.0/plugins/com.st.stm32cube.ide.mcu.externaltools.gnu-tools-for-stm32.13.3.rel1.linux64_1.0.0.202410170706/tools/bin/../lib/gcc/arm-none-eabi/13.3.1/../../../../arm-none-eabi/lib/thumb/v7e-m/nofp/libc_nano.a(libc_a-signal.o)
                0x0800afce                _raise_r
 *fill*         0x0800b01e        0x2 
 .text.raise    0x0800b020       0x10 /opt/st/stm32cubeide_1.19.0/plugins/com.st.stm32cube.ide.mcu.externaltools.gnu-tools-for-stm32.13.3.rel1.linux64_1.0.0.202410170706/tools/bin/../lib/gcc/arm-none-eabi/13.3.1/../../../../arm-none-eabi/lib/thumb/v7e-m/nofp/libc_nano.a(libc_a-signal.o)
                0x0800b020                raise
 .text._kill_r  0x0800b030       0x24 /opt/st/stm32cubeide_1.19.0/plugins/com.st.stm32cube.ide.mcu.externaltools.gnu-tools-for-stm32.13.3.rel1.linux64_1.0.0.202410170706/tools/bin/../lib/gcc/arm-none-eabi/13.3.1/../../../../arm-none-eabi/lib/thumb/v7e-m/nofp/libc_nano.a(libc_a-signalr.o)
                0x0800b030                _kill_r
 .text._getpid_r
                0x0800b054        0x4 /opt/st/stm32cubeide_1.19.0/plugins/com.st.stm32cube.ide.mcu.externaltools.gnu-tools-for-stm32.13.3.rel1.linux64_1.0.0.202410170706/tools/bin/../lib/gcc/arm-none-eabi/13.3.1/../../../../arm-none-eabi/lib/thumb/v7e-m/nofp/libc_nano.a(libc_a-signalr.o)
                0x0800b054                _getpid_r
 *(.glue_7)
 .glue_7        0x0800b058        0x0 linker stubs
 *(.glue_7t)
 .glue_7t       0x0800b058        0x0 linker stubs
 *(.eh_frame)
 .eh_frame      0x0800b058        0x0 /opt/st/stm32cubeide_1.19.0/plugins/com.st.stm32cube.ide.mcu.externaltools.gnu-tools-for-stm32.13.3.rel1.linux64_1.0.0.202410170706/tools/bin/../lib/gcc/arm-none-eabi/13.3.1/thumb/v7e-m/nofp/crtbegin.o
 *(.init)
 .init          0x0800b058        0x4 /opt/st/stm32cubeide_1.19.0/plugins/com.st.stm32cube.ide.mcu.externaltools.gnu-tools-for-stm32.13.3.rel1.linux64_1.0.0.202410170706/tools/bin/../lib/gcc/arm-none-eabi/13.3.1/thumb/v7e-m/nofp/crti.o
                0x0800b058                _init
 .init          0x0800b05c        0x8 /opt/st/stm32cubeide_1.19.0/plugins/com.st.stm32cube.ide.mcu.externaltools.gnu-tools-for-stm32.13.3.rel1.linux64_1.0.0.202410170706/tools/bin/../lib/gcc/arm-none-eabi/13.3.1/thumb/v7e-m/nofp/crtn.o
 *(.fini)
 .fini          0x0800b064        0x4 /opt/st/stm32cubeide_1.19.0/plugins/com.st.stm32cube.ide.mcu.externaltools.gnu-tools-for-stm32.13.3.rel1.linux64_1.0.0.202410170706/tools/bin/../lib/gcc/arm-none-eabi/13.3.1/thumb/v7e-m/nofp/crti.o
                0x0800b064                _fini
 .fini          0x0800b068        0x8 /opt/st/stm32cubeide_1.19.0/plugins/com.st.stm32cube.ide.mcu.externaltools.gnu-tools-for-stm32.13.3.rel1.linux64_1.0.0.202410170706/tools/bin/../lib/gcc/arm-none-eabi/13.3.1/thumb/v7e-m/nofp/crtn.o
                0x0800b070                        . = ALIGN (0x4)
                0x0800b070                        _etext = .

.vfp11_veneer   0x0800b070        0x0
 .vfp11_veneer  0x0800b070        0x0 linker stubs

.v4_bx          0x0800b070        0x0
 .v4_bx         0x0800b070        0x0 linker stubs

.iplt           0x0800b070        0x0
 .iplt          0x0800b070        0x0 /opt/st/stm32cubeide_1.19.0/plugins/com.st.stm32cube.ide.mcu.externaltools.gnu-tools-for-stm32.13.3.rel1.linux64_1.0.0.202410170706/tools/bin/../lib/gcc/arm-none-eabi/13.3.1/thumb/v7e-m/nofp/crtbegin.o

.rodata         0x0800b070      0x604
                0x0800b070                        . = ALIGN (0x4)
 *(.rodata)
 .rodata        0x0800b070       0xef ./Core/Src/main.o
 *fill*         0x0800b15f        0x1 
 .rodata        0x0800b160       0x1c ./Drivers/STM32WLxx_HAL_Driver/Src/stm32wlxx_hal_rcc.o
 *(.rodata*)
 .rodata.AHBPrescTable
                0x0800b17c       0x40 ./Core/Src/system_stm32wlxx.o
                0x0800b17c                AHBPrescTable
 .rodata.APBPrescTable
                0x0800b1bc       0x20 ./Core/Src/system_stm32wlxx.o
                0x0800b1bc                APBPrescTable
 .rodata.MSIRangeTable
                0x0800b1dc       0x40 ./Core/Src/system_stm32wlxx.o
                0x0800b1dc                MSIRangeTable
 .rodata.LED_PIN
                0x0800b21c        0x6 ./Drivers/BSP/STM32WLxx_Nucleo/stm32wlxx_nucleo.o
 *fill*         0x0800b222        0x2 
 .rodata.UARTPrescTable
                0x0800b224       0x18 ./Drivers/STM32WLxx_HAL_Driver/Src/stm32wlxx_hal_uart.o
                0x0800b224                UARTPrescTable
 .rodata.numerator.1
                0x0800b23c        0x8 ./Drivers/STM32WLxx_HAL_Driver/Src/stm32wlxx_hal_uart_ex.o
 .rodata.denominator.0
                0x0800b244        0x8 ./Drivers/STM32WLxx_HAL_Driver/Src/stm32wlxx_hal_uart_ex.o
 .rodata._printf_float.str1.1
                0x0800b24c      0x1d6 /opt/st/stm32cubeide_1.19.0/plugins/com.st.stm32cube.ide.mcu.externaltools.gnu-tools-for-stm32.13.3.rel1.linux64_1.0.0.202410170706/tools/bin/../lib/gcc/arm-none-eabi/13.3.1/../../../../arm-none-eabi/lib/thumb/v7e-m/nofp/libc_nano.a(libc_a-nano-vfprintf_float.o)
                                 0x12 (size before relaxing)
 .rodata._printf_i.str1.1
                0x0800b422       0x22 /opt/st/stm32cubeide_1.19.0/plugins/com.st.stm32cube.ide.mcu.externaltools.gnu-tools-for-stm32.13.3.rel1.linux64_1.0.0.202410170706/tools/bin/../lib/gcc/arm-none-eabi/13.3.1/../../../../arm-none-eabi/lib/thumb/v7e-m/nofp/libc_nano.a(libc_a-nano-vfprintf_i.o)
 .rodata._scanf_float.str1.1
                0x0800b422        0x6 /opt/st/stm32cubeide_1.19.0/plugins/com.st.stm32cube.ide.mcu.externaltools.gnu-tools-for-stm32.13.3.rel1.linux64_1.0.0.202410170706/tools/bin/../lib/gcc/arm-none-eabi/13.3.1/../../../../arm-none-eabi/lib/thumb/v7e-m/nofp/libc_nano.a(libc_a-nano-vfscanf_float.o)
 .rodata._dtoa_r.str1.1
                0x0800b422       0x8f /opt/st/stm32cubeide_1.19.0/plugins/com.st.stm32cube.ide.mcu.externaltools.gnu-tools-for-stm32.13.3.rel1.linux64_1.0.0.202410170706/tools/bin/../lib/gcc/arm-none-eabi/13.3.1/../../../../arm-none-eabi/lib/thumb/v7e-m/nofp/libc_nano.a(libc_a-dtoa.o)
 .rodata._Balloc.str1.1
                0x0800b422       0x70 /opt/st/stm32cubeide_1.19.0/plugins/com.st.stm32cube.ide.mcu.externaltools.gnu-tools-for-stm32.13.3.rel1.linux64_1.0.0.202410170706/tools/bin/../lib/gcc/arm-none-eabi/13.3.1/../../../../arm-none-eabi/lib/thumb/v7e-m/nofp/libc_nano.a(libc_a-mprec.o)
 .rodata.__multadd.str1.1
                0x0800b422       0x11 /opt/st/stm32cubeide_1.19.0/plugins/com.st.stm32cube.ide.mcu.externaltools.gnu-tools-for-stm32.13.3.rel1.linux64_1.0.0.202410170706/tools/bin/../lib/gcc/arm-none-eabi/13.3.1/../../../../arm-none-eabi/lib/thumb/v7e-m/nofp/libc_nano.a(libc_a-mprec.o)
 *fill*         0x0800b422        0x2 
 .rodata.p05.0  0x0800b424        0xc /opt/st/stm32cubeide_1.19.0/plugins/com.st.stm32cube.ide.mcu.externaltools.gnu-tools-for-stm32.13.3.rel1.linux64_1.0.0.202410170706/tools/bin/../lib/gcc/arm-none-eabi/13.3.1/../../../../arm-none-eabi/lib/thumb/v7e-m/nofp/libc_nano.a(libc_a-mprec.o)
 .rodata.__mprec_bigtens
                0x0800b430       0x28 /opt/st/stm32cubeide_1.19.0/plugins/com.st.stm32cube.ide.mcu.externaltools.gnu-tools-for-stm32.13.3.rel1.linux64_1.0.0.202410170706/tools/bin/../lib/gcc/arm-none-eabi/13.3.1/../../../../arm-none-eabi/lib/thumb/v7e-m/nofp/libc_nano.a(libc_a-mprec.o)
                0x0800b430                __mprec_bigtens
 .rodata.__mprec_tens
                0x0800b458       0xc8 /opt/st/stm32cubeide_1.19.0/plugins/com.st.stm32cube.ide.mcu.externaltools.gnu-tools-for-stm32.13.3.rel1.linux64_1.0.0.202410170706/tools/bin/../lib/gcc/arm-none-eabi/13.3.1/../../../../arm-none-eabi/lib/thumb/v7e-m/nofp/libc_nano.a(libc_a-mprec.o)
                0x0800b458                __mprec_tens
 .rodata._strtod_l.str1.1
                0x0800b520        0xf /opt/st/stm32cubeide_1.19.0/plugins/com.st.stm32cube.ide.mcu.externaltools.gnu-tools-for-stm32.13.3.rel1.linux64_1.0.0.202410170706/tools/bin/../lib/gcc/arm-none-eabi/13.3.1/../../../../arm-none-eabi/lib/thumb/v7e-m/nofp/libc_nano.a(libc_a-strtod.o)
 .rodata.fpinan.0
                0x0800b520       0x14 /opt/st/stm32cubeide_1.19.0/plugins/com.st.stm32cube.ide.mcu.externaltools.gnu-tools-for-stm32.13.3.rel1.linux64_1.0.0.202410170706/tools/bin/../lib/gcc/arm-none-eabi/13.3.1/../../../../arm-none-eabi/lib/thumb/v7e-m/nofp/libc_nano.a(libc_a-strtod.o)
 .rodata.fpi.1  0x0800b534       0x14 /opt/st/stm32cubeide_1.19.0/plugins/com.st.stm32cube.ide.mcu.externaltools.gnu-tools-for-stm32.13.3.rel1.linux64_1.0.0.202410170706/tools/bin/../lib/gcc/arm-none-eabi/13.3.1/../../../../arm-none-eabi/lib/thumb/v7e-m/nofp/libc_nano.a(libc_a-strtod.o)
 .rodata.tinytens
                0x0800b548       0x28 /opt/st/stm32cubeide_1.19.0/plugins/com.st.stm32cube.ide.mcu.externaltools.gnu-tools-for-stm32.13.3.rel1.linux64_1.0.0.202410170706/tools/bin/../lib/gcc/arm-none-eabi/13.3.1/../../../../arm-none-eabi/lib/thumb/v7e-m/nofp/libc_nano.a(libc_a-strtod.o)
 .rodata._ctype_
                0x0800b570      0x101 /opt/st/stm32cubeide_1.19.0/plugins/com.st.stm32cube.ide.mcu.externaltools.gnu-tools-for-stm32.13.3.rel1.linux64_1.0.0.202410170706/tools/bin/../lib/gcc/arm-none-eabi/13.3.1/../../../../arm-none-eabi/lib/thumb/v7e-m/nofp/libc_nano.a(libc_a-ctype_.o)
                0x0800b570                _ctype_
 .rodata._svfprintf_r.str1.1